<?xml version="1.0" encoding="UTF-8" ?>
<testsuites name="vitest tests" tests="647" failures="0" errors="0" time="2.357032">
    <testsuite name="src/lib/api-utils.test.ts" timestamp="2026-05-20T17:33:57.491Z" hostname="qaswe12340" tests="16" failures="0" errors="0" skipped="0" time="0.0127289">
        <testcase classname="src/lib/api-utils.test.ts" name="API Utils &gt; apiSuccess &gt; returns standardized success response" time="0.0055834">
        </testcase>
        <testcase classname="src/lib/api-utils.test.ts" name="API Utils &gt; apiSuccess &gt; accepts custom status code" time="0.0005463">
        </testcase>
        <testcase classname="src/lib/api-utils.test.ts" name="API Utils &gt; apiError &gt; returns standardized error response" time="0.0005083">
        </testcase>
        <testcase classname="src/lib/api-utils.test.ts" name="API Utils &gt; apiError &gt; defaults to 500 status" time="0.0002916">
        </testcase>
        <testcase classname="src/lib/api-utils.test.ts" name="API Utils &gt; paginate &gt; returns correct page of items" time="0.0010474">
        </testcase>
        <testcase classname="src/lib/api-utils.test.ts" name="API Utils &gt; paginate &gt; returns correct pagination metadata" time="0.0003595">
        </testcase>
        <testcase classname="src/lib/api-utils.test.ts" name="API Utils &gt; paginate &gt; handles last page with fewer items" time="0.0002798">
        </testcase>
        <testcase classname="src/lib/api-utils.test.ts" name="API Utils &gt; paginate &gt; handles empty array" time="0.000197">
        </testcase>
        <testcase classname="src/lib/api-utils.test.ts" name="API Utils &gt; paginate &gt; handles page beyond range" time="0.0001822">
        </testcase>
        <testcase classname="src/lib/api-utils.test.ts" name="API Utils &gt; parsePagination &gt; parses valid pagination params" time="0.0011791">
        </testcase>
        <testcase classname="src/lib/api-utils.test.ts" name="API Utils &gt; parsePagination &gt; uses defaults for missing params" time="0.0001877">
        </testcase>
        <testcase classname="src/lib/api-utils.test.ts" name="API Utils &gt; Error factories &gt; NotFoundError creates 404 error" time="0.0001392">
        </testcase>
        <testcase classname="src/lib/api-utils.test.ts" name="API Utils &gt; Error factories &gt; ValidationError creates 400 error" time="0.0000818">
        </testcase>
        <testcase classname="src/lib/api-utils.test.ts" name="API Utils &gt; Error factories &gt; UnauthorizedError creates 401 error" time="0.0000671">
        </testcase>
        <testcase classname="src/lib/api-utils.test.ts" name="API Utils &gt; Error factories &gt; ForbiddenError creates 403 error" time="0.0000646">
        </testcase>
        <testcase classname="src/lib/api-utils.test.ts" name="API Utils &gt; Error factories &gt; ConflictError creates 409 error" time="0.000059">
        </testcase>
    </testsuite>
    <testsuite name="src/lib/auth-helpers.test.ts" timestamp="2026-05-20T17:33:57.494Z" hostname="qaswe12340" tests="18" failures="0" errors="0" skipped="0" time="0.0066077">
        <testcase classname="src/lib/auth-helpers.test.ts" name="Auth Helpers &gt; requireAuth &gt; throws UnauthorizedError when no session" time="0.001964">
        </testcase>
        <testcase classname="src/lib/auth-helpers.test.ts" name="Auth Helpers &gt; requireAuth &gt; throws UnauthorizedError with correct status when no session" time="0.0003294">
        </testcase>
        <testcase classname="src/lib/auth-helpers.test.ts" name="Auth Helpers &gt; requireAuth &gt; returns session when user is authenticated" time="0.0005085">
        </testcase>
        <testcase classname="src/lib/auth-helpers.test.ts" name="Auth Helpers &gt; requireAuth &gt; throws UnauthorizedError when session has no user" time="0.000244">
        </testcase>
        <testcase classname="src/lib/auth-helpers.test.ts" name="Auth Helpers &gt; requirePermission &gt; throws ForbiddenError when role lacks permission" time="0.0002571">
        </testcase>
        <testcase classname="src/lib/auth-helpers.test.ts" name="Auth Helpers &gt; requirePermission &gt; returns session when role has permission" time="0.0001586">
        </testcase>
        <testcase classname="src/lib/auth-helpers.test.ts" name="Auth Helpers &gt; requirePermission &gt; throws UnauthorizedError when no session" time="0.000278">
        </testcase>
        <testcase classname="src/lib/auth-helpers.test.ts" name="Auth Helpers &gt; requirePermission &gt; manager has write permission for inventory" time="0.0002087">
        </testcase>
        <testcase classname="src/lib/auth-helpers.test.ts" name="Auth Helpers &gt; requirePermission &gt; viewer lacks user:manage permission" time="0.0002405">
        </testcase>
        <testcase classname="src/lib/auth-helpers.test.ts" name="Auth Helpers &gt; requireAnyPermission &gt; returns session when user has at least one permission" time="0.0002174">
        </testcase>
        <testcase classname="src/lib/auth-helpers.test.ts" name="Auth Helpers &gt; requireAnyPermission &gt; throws ForbiddenError when user has none of the permissions" time="0.0001346">
        </testcase>
        <testcase classname="src/lib/auth-helpers.test.ts" name="Auth Helpers &gt; requireAnyPermission &gt; throws UnauthorizedError when no session" time="0.0001618">
        </testcase>
        <testcase classname="src/lib/auth-helpers.test.ts" name="Auth Helpers &gt; requireAdmin &gt; throws ForbiddenError for non-admin role" time="0.0001604">
        </testcase>
        <testcase classname="src/lib/auth-helpers.test.ts" name="Auth Helpers &gt; requireAdmin &gt; returns session for admin role" time="0.0000836">
        </testcase>
        <testcase classname="src/lib/auth-helpers.test.ts" name="Auth Helpers &gt; requireAdmin &gt; throws ForbiddenError for manager role" time="0.0000831">
        </testcase>
        <testcase classname="src/lib/auth-helpers.test.ts" name="Auth Helpers &gt; requireAdmin &gt; throws UnauthorizedError when no session" time="0.0001493">
        </testcase>
        <testcase classname="src/lib/auth-helpers.test.ts" name="Auth Helpers &gt; getAuth &gt; returns null when no session" time="0.0000969">
        </testcase>
        <testcase classname="src/lib/auth-helpers.test.ts" name="Auth Helpers &gt; getAuth &gt; returns session when user is authenticated" time="0.0000634">
        </testcase>
    </testsuite>
    <testsuite name="src/lib/cache.test.ts" timestamp="2026-05-20T17:33:57.497Z" hostname="qaswe12340" tests="33" failures="0" errors="0" skipped="0" time="0.0119511">
        <testcase classname="src/lib/cache.test.ts" name="Cache Module &gt; serverCache - set/get operations &gt; stores and retrieves a value" time="0.0017488">
        </testcase>
        <testcase classname="src/lib/cache.test.ts" name="Cache Module &gt; serverCache - set/get operations &gt; returns null for non-existent key" time="0.0002275">
        </testcase>
        <testcase classname="src/lib/cache.test.ts" name="Cache Module &gt; serverCache - set/get operations &gt; stores primitive values" time="0.0002642">
        </testcase>
        <testcase classname="src/lib/cache.test.ts" name="Cache Module &gt; serverCache - set/get operations &gt; stores null and undefined-like values" time="0.0001591">
        </testcase>
        <testcase classname="src/lib/cache.test.ts" name="Cache Module &gt; serverCache - set/get operations &gt; overwrites existing key" time="0.0001188">
        </testcase>
        <testcase classname="src/lib/cache.test.ts" name="Cache Module &gt; serverCache - TTL expiration &gt; returns value before TTL expires" time="0.0001156">
        </testcase>
        <testcase classname="src/lib/cache.test.ts" name="Cache Module &gt; serverCache - TTL expiration &gt; returns null after TTL expires" time="0.0013193">
        </testcase>
        <testcase classname="src/lib/cache.test.ts" name="Cache Module &gt; serverCache - TTL expiration &gt; different TTL values work correctly" time="0.0003618">
        </testcase>
        <testcase classname="src/lib/cache.test.ts" name="Cache Module &gt; serverCache - delete operations &gt; invalidateExact removes specific key" time="0.0001717">
        </testcase>
        <testcase classname="src/lib/cache.test.ts" name="Cache Module &gt; serverCache - delete operations &gt; invalidateExact returns false for non-existent key" time="0.0001166">
        </testcase>
        <testcase classname="src/lib/cache.test.ts" name="Cache Module &gt; serverCache - delete operations &gt; invalidate removes keys by prefix" time="0.0001705">
        </testcase>
        <testcase classname="src/lib/cache.test.ts" name="Cache Module &gt; serverCache - delete operations &gt; invalidate returns 0 when no keys match prefix" time="0.0000778">
        </testcase>
        <testcase classname="src/lib/cache.test.ts" name="Cache Module &gt; serverCache - clear operation &gt; clears all cache entries" time="0.0001125">
        </testcase>
        <testcase classname="src/lib/cache.test.ts" name="Cache Module &gt; serverCache - stats reporting &gt; reports correct size" time="0.0001198">
        </testcase>
        <testcase classname="src/lib/cache.test.ts" name="Cache Module &gt; serverCache - stats reporting &gt; reports all keys" time="0.0005922">
        </testcase>
        <testcase classname="src/lib/cache.test.ts" name="Cache Module &gt; serverCache - stats reporting &gt; reports hit counts" time="0.0001165">
        </testcase>
        <testcase classname="src/lib/cache.test.ts" name="Cache Module &gt; serverCache - stats reporting &gt; reports empty stats after clear" time="0.0000979">
        </testcase>
        <testcase classname="src/lib/cache.test.ts" name="Cache Module &gt; serverCache - LRU eviction &gt; evicts expired entries when at capacity" time="0.0003341">
        </testcase>
        <testcase classname="src/lib/cache.test.ts" name="Cache Module &gt; cacheKey &gt; joins parts with colon" time="0.0000975">
        </testcase>
        <testcase classname="src/lib/cache.test.ts" name="Cache Module &gt; cacheKey &gt; handles multiple parts" time="0.000056">
        </testcase>
        <testcase classname="src/lib/cache.test.ts" name="Cache Module &gt; cacheKey &gt; handles boolean parts" time="0.0000418">
        </testcase>
        <testcase classname="src/lib/cache.test.ts" name="Cache Module &gt; cacheKey &gt; handles single part" time="0.0000437">
        </testcase>
        <testcase classname="src/lib/cache.test.ts" name="Cache Module &gt; cachedFetch &gt; returns cached data on second call" time="0.000429">
        </testcase>
        <testcase classname="src/lib/cache.test.ts" name="Cache Module &gt; cachedFetch &gt; calls fetcher for different keys" time="0.0001932">
        </testcase>
        <testcase classname="src/lib/cache.test.ts" name="Cache Module &gt; cachedFetch &gt; propagates fetcher errors" time="0.0015422">
        </testcase>
        <testcase classname="src/lib/cache.test.ts" name="Cache Module &gt; cachedFetch &gt; retries fetcher after error (no cache on error)" time="0.000486">
        </testcase>
        <testcase classname="src/lib/cache.test.ts" name="Cache Module &gt; CACHE_TTL presets &gt; has SHORT preset" time="0.0001136">
        </testcase>
        <testcase classname="src/lib/cache.test.ts" name="Cache Module &gt; CACHE_TTL presets &gt; has MEDIUM preset" time="0.0000945">
        </testcase>
        <testcase classname="src/lib/cache.test.ts" name="Cache Module &gt; CACHE_TTL presets &gt; has LONG preset" time="0.0000825">
        </testcase>
        <testcase classname="src/lib/cache.test.ts" name="Cache Module &gt; CACHE_TTL presets &gt; has VERY_LONG preset" time="0.0000816">
        </testcase>
        <testcase classname="src/lib/cache.test.ts" name="Cache Module &gt; CACHE_TAGS &gt; has all expected cache tags" time="0.0002946">
        </testcase>
        <testcase classname="src/lib/cache.test.ts" name="Cache Module &gt; Cache key prefix isolation &gt; different prefixes do not interfere" time="0.0001363">
        </testcase>
        <testcase classname="src/lib/cache.test.ts" name="Cache Module &gt; Cache key prefix isolation &gt; invalidate with empty prefix does not match anything" time="0.0001172">
        </testcase>
    </testsuite>
    <testsuite name="src/lib/rate-limit.test.ts" timestamp="2026-05-20T17:33:57.500Z" hostname="qaswe12340" tests="3" failures="0" errors="0" skipped="0" time="0.0027404">
        <testcase classname="src/lib/rate-limit.test.ts" name="Rate Limiter &gt; allows requests within limit" time="0.0014707">
        </testcase>
        <testcase classname="src/lib/rate-limit.test.ts" name="Rate Limiter &gt; blocks requests when limit exceeded" time="0.0002738">
        </testcase>
        <testcase classname="src/lib/rate-limit.test.ts" name="Rate Limiter &gt; tracks remaining tokens correctly" time="0.0001558">
        </testcase>
    </testsuite>
    <testsuite name="src/lib/rbac.test.ts" timestamp="2026-05-20T17:33:57.500Z" hostname="qaswe12340" tests="12" failures="0" errors="0" skipped="0" time="0.0077898">
        <testcase classname="src/lib/rbac.test.ts" name="RBAC Permission System &gt; hasPermission &gt; admin has all permissions" time="0.0019663">
        </testcase>
        <testcase classname="src/lib/rbac.test.ts" name="RBAC Permission System &gt; hasPermission &gt; manager has read+write but no admin permissions" time="0.0003491">
        </testcase>
        <testcase classname="src/lib/rbac.test.ts" name="RBAC Permission System &gt; hasPermission &gt; viewer has only read permissions" time="0.0002704">
        </testcase>
        <testcase classname="src/lib/rbac.test.ts" name="RBAC Permission System &gt; hasPermission &gt; unknown role has no permissions" time="0.0001659">
        </testcase>
        <testcase classname="src/lib/rbac.test.ts" name="RBAC Permission System &gt; hasAllPermissions &gt; returns true when all permissions are present" time="0.000235">
        </testcase>
        <testcase classname="src/lib/rbac.test.ts" name="RBAC Permission System &gt; hasAllPermissions &gt; returns false when any permission is missing" time="0.0001566">
        </testcase>
        <testcase classname="src/lib/rbac.test.ts" name="RBAC Permission System &gt; hasAnyPermission &gt; returns true when any permission is present" time="0.0001584">
        </testcase>
        <testcase classname="src/lib/rbac.test.ts" name="RBAC Permission System &gt; hasAnyPermission &gt; returns false when no permissions are present" time="0.0001216">
        </testcase>
        <testcase classname="src/lib/rbac.test.ts" name="RBAC Permission System &gt; getRolePermissions &gt; returns all permissions for admin" time="0.0011205">
        </testcase>
        <testcase classname="src/lib/rbac.test.ts" name="RBAC Permission System &gt; getRolePermissions &gt; returns empty array for unknown role" time="0.0007837">
        </testcase>
        <testcase classname="src/lib/rbac.test.ts" name="RBAC Permission System &gt; ROLE_LABELS &gt; has labels for all roles" time="0.0002403">
        </testcase>
        <testcase classname="src/lib/rbac.test.ts" name="RBAC Permission System &gt; ROLE_COLORS &gt; has color classes for all roles" time="0.0001834">
        </testcase>
    </testsuite>
    <testsuite name="src/lib/security-headers.test.ts" timestamp="2026-05-20T17:33:57.502Z" hostname="qaswe12340" tests="9" failures="0" errors="0" skipped="0" time="0.0025166">
        <testcase classname="src/lib/security-headers.test.ts" name="Security Headers &gt; has X-Frame-Options header" time="0.0008639">
        </testcase>
        <testcase classname="src/lib/security-headers.test.ts" name="Security Headers &gt; has X-Content-Type-Options header" time="0.0001154">
        </testcase>
        <testcase classname="src/lib/security-headers.test.ts" name="Security Headers &gt; has X-XSS-Protection header" time="0.0000842">
        </testcase>
        <testcase classname="src/lib/security-headers.test.ts" name="Security Headers &gt; has Referrer-Policy header" time="0.0000706">
        </testcase>
        <testcase classname="src/lib/security-headers.test.ts" name="Security Headers &gt; has Content-Security-Policy header" time="0.0001288">
        </testcase>
        <testcase classname="src/lib/security-headers.test.ts" name="Security Headers &gt; has Permissions-Policy header" time="0.0000717">
        </testcase>
        <testcase classname="src/lib/security-headers.test.ts" name="Security Headers &gt; skips Cross-Origin headers for preview panel compatibility" time="0.0000739">
        </testcase>
        <testcase classname="src/lib/security-headers.test.ts" name="Security Headers &gt; rateLimitHeaders &gt; generates correct headers" time="0.0001264">
        </testcase>
        <testcase classname="src/lib/security-headers.test.ts" name="Security Headers &gt; rateLimitHeaders &gt; includes Retry-After when provided" time="0.0000871">
        </testcase>
    </testsuite>
    <testsuite name="src/components/auth/LoginDialog.test.tsx" timestamp="2026-05-20T17:33:57.503Z" hostname="qaswe12340" tests="8" failures="0" errors="0" skipped="0" time="1.7615147">
        <testcase classname="src/components/auth/LoginDialog.test.tsx" name="LoginDialog &gt; renders login form when open" time="0.0400942">
        </testcase>
        <testcase classname="src/components/auth/LoginDialog.test.tsx" name="LoginDialog &gt; shows demo accounts" time="0.0046726">
        </testcase>
        <testcase classname="src/components/auth/LoginDialog.test.tsx" name="LoginDialog &gt; has email input field" time="0.0035447">
        </testcase>
        <testcase classname="src/components/auth/LoginDialog.test.tsx" name="LoginDialog &gt; has password input field" time="0.0029984">
        </testcase>
        <testcase classname="src/components/auth/LoginDialog.test.tsx" name="LoginDialog &gt; handles email input change" time="0.3447814">
        </testcase>
        <testcase classname="src/components/auth/LoginDialog.test.tsx" name="LoginDialog &gt; handles password input change" time="0.1542759">
        </testcase>
        <testcase classname="src/components/auth/LoginDialog.test.tsx" name="LoginDialog &gt; submits form on login button click" time="0.566966">
        </testcase>
        <testcase classname="src/components/auth/LoginDialog.test.tsx" name="LoginDialog &gt; shows loading state during login" time="0.6416796">
        </testcase>
    </testsuite>
    <testsuite name="src/components/error/GlobalErrorBoundary.test.tsx" timestamp="2026-05-20T17:33:57.504Z" hostname="qaswe12340" tests="11" failures="0" errors="0" skipped="0" time="0.1496559">
        <testcase classname="src/components/error/GlobalErrorBoundary.test.tsx" name="GlobalErrorBoundary &gt; renders children when no error" time="0.015312">
        </testcase>
        <testcase classname="src/components/error/GlobalErrorBoundary.test.tsx" name="GlobalErrorBoundary &gt; shows error UI when child throws" time="0.0269511">
        </testcase>
        <testcase classname="src/components/error/GlobalErrorBoundary.test.tsx" name="GlobalErrorBoundary &gt; shows error detail in collapsible section" time="0.0143672">
        </testcase>
        <testcase classname="src/components/error/GlobalErrorBoundary.test.tsx" name="GlobalErrorBoundary &gt; shows retry button when error occurs" time="0.0183667">
        </testcase>
        <testcase classname="src/components/error/GlobalErrorBoundary.test.tsx" name="GlobalErrorBoundary &gt; retry button resets error state" time="0.0157647">
        </testcase>
        <testcase classname="src/components/error/GlobalErrorBoundary.test.tsx" name="GlobalErrorBoundary &gt; calls onError callback when error occurs" time="0.0118391">
        </testcase>
        <testcase classname="src/components/error/GlobalErrorBoundary.test.tsx" name="GlobalErrorBoundary &gt; renders custom fallback when provided" time="0.0031208">
        </testcase>
        <testcase classname="src/components/error/GlobalErrorBoundary.test.tsx" name="GlobalErrorBoundary &gt; shows page-level error message for page level" time="0.0121209">
        </testcase>
        <testcase classname="src/components/error/GlobalErrorBoundary.test.tsx" name="GlobalErrorBoundary &gt; shows component-level error message for component level" time="0.0080462">
        </testcase>
        <testcase classname="src/components/error/GlobalErrorBoundary.test.tsx" name="GlobalErrorBoundary &gt; shows &quot;返回首页&quot; button for page-level errors" time="0.008943">
        </testcase>
        <testcase classname="src/components/error/GlobalErrorBoundary.test.tsx" name="GlobalErrorBoundary &gt; does not show &quot;返回首页&quot; button for non-page-level errors" time="0.012009">
        </testcase>
    </testsuite>
    <testsuite name="src/lib/engine/deterministic.test.ts" timestamp="2026-05-20T17:33:57.506Z" hostname="qaswe12340" tests="18" failures="0" errors="0" skipped="0" time="0.0195806">
        <testcase classname="src/lib/engine/deterministic.test.ts" name="DeterministicRandom &gt; produces same sequence for same seed" time="0.0028275">
        </testcase>
        <testcase classname="src/lib/engine/deterministic.test.ts" name="DeterministicRandom &gt; produces different sequences for different seeds" time="0.0004608">
        </testcase>
        <testcase classname="src/lib/engine/deterministic.test.ts" name="DeterministicRandom &gt; next() returns values in [0, 1)" time="0.0034975">
        </testcase>
        <testcase classname="src/lib/engine/deterministic.test.ts" name="DeterministicRandom &gt; nextInt returns values in range" time="0.0028362">
        </testcase>
        <testcase classname="src/lib/engine/deterministic.test.ts" name="DeterministicRandom &gt; chance returns boolean matching probability" time="0.0006906">
        </testcase>
        <testcase classname="src/lib/engine/deterministic.test.ts" name="DeterministicRandom &gt; reset returns to original state" time="0.0003801">
        </testcase>
        <testcase classname="src/lib/engine/deterministic.test.ts" name="DeterministicRandom &gt; clone produces independent copy" time="0.0001693">
        </testcase>
        <testcase classname="src/lib/engine/deterministic.test.ts" name="DeterministicRandom &gt; pick selects from array" time="0.0015127">
        </testcase>
        <testcase classname="src/lib/engine/deterministic.test.ts" name="seedFromString &gt; returns same seed for same string" time="0.0003765">
        </testcase>
        <testcase classname="src/lib/engine/deterministic.test.ts" name="seedFromString &gt; returns different seeds for different strings" time="0.0003828">
        </testcase>
        <testcase classname="src/lib/engine/deterministic.test.ts" name="seedFromDate &gt; returns consistent seed for same date" time="0.0019121">
        </testcase>
        <testcase classname="src/lib/engine/deterministic.test.ts" name="SlidingWindow &gt; records first round always" time="0.0007243">
        </testcase>
        <testcase classname="src/lib/engine/deterministic.test.ts" name="SlidingWindow &gt; records inflection points only (≥ 5% change)" time="0.0003023">
        </testcase>
        <testcase classname="src/lib/engine/deterministic.test.ts" name="SlidingWindow &gt; caps at maxSize" time="0.0002361">
        </testcase>
        <testcase classname="src/lib/engine/deterministic.test.ts" name="SlidingWindow &gt; reset clears all snapshots" time="0.0001902">
        </testcase>
        <testcase classname="src/lib/engine/deterministic.test.ts" name="SimulationContext &gt; creates reproducible runs with same seed" time="0.0002672">
        </testcase>
        <testcase classname="src/lib/engine/deterministic.test.ts" name="SimulationContext &gt; tick records inflection points" time="0.0001484">
        </testcase>
        <testcase classname="src/lib/engine/deterministic.test.ts" name="SimulationContext &gt; summarize returns correct metadata" time="0.0002221">
        </testcase>
    </testsuite>
    <testsuite name="src/lib/engine/episode-store.test.ts" timestamp="2026-05-20T17:33:57.508Z" hostname="qaswe12340" tests="16" failures="0" errors="0" skipped="0" time="0.0168955">
        <testcase classname="src/lib/engine/episode-store.test.ts" name="EpisodeStore &gt; record (episode creation) &gt; creates an episode with all required fields populated" time="0.0042821">
        </testcase>
        <testcase classname="src/lib/engine/episode-store.test.ts" name="EpisodeStore &gt; record (episode creation) &gt; automatically extracts claims from the agent response" time="0.00125">
        </testcase>
        <testcase classname="src/lib/engine/episode-store.test.ts" name="EpisodeStore &gt; record (episode creation) &gt; infer topics from user query when not explicitly provided" time="0.0004955">
        </testcase>
        <testcase classname="src/lib/engine/episode-store.test.ts" name="EpisodeStore &gt; record (episode creation) &gt; truncates agent response to 3000 characters" time="0.0004413">
        </testcase>
        <testcase classname="src/lib/engine/episode-store.test.ts" name="EpisodeStore &gt; retrieve &gt; returns empty array when no episodes exist" time="0.00038">
        </testcase>
        <testcase classname="src/lib/engine/episode-store.test.ts" name="EpisodeStore &gt; retrieve &gt; retrieves episodes relevant to the query" time="0.0010572">
        </testcase>
        <testcase classname="src/lib/engine/episode-store.test.ts" name="EpisodeStore &gt; retrieve &gt; respects the topK limit" time="0.0004935">
        </testcase>
        <testcase classname="src/lib/engine/episode-store.test.ts" name="EpisodeStore &gt; retrieve &gt; increments accessCount when episodes are retrieved" time="0.0004156">
        </testcase>
        <testcase classname="src/lib/engine/episode-store.test.ts" name="EpisodeStore &gt; upsertFact (fact consolidation) &gt; creates a new fact from recorded episode" time="0.0006442">
        </testcase>
        <testcase classname="src/lib/engine/episode-store.test.ts" name="EpisodeStore &gt; upsertFact (fact consolidation) &gt; merges duplicate facts and increases confidence" time="0.0003996">
        </testcase>
        <testcase classname="src/lib/engine/episode-store.test.ts" name="EpisodeStore &gt; upsertFact (fact consolidation) &gt; links the fact back to the source episode" time="0.0002207">
        </testcase>
        <testcase classname="src/lib/engine/episode-store.test.ts" name="EpisodeStore &gt; fact lifecycle &gt; getActiveFacts returns only active facts sorted by confidence" time="0.0002061">
        </testcase>
        <testcase classname="src/lib/engine/episode-store.test.ts" name="EpisodeStore &gt; fact lifecycle &gt; deactivateFact marks a fact as inactive" time="0.0001893">
        </testcase>
        <testcase classname="src/lib/engine/episode-store.test.ts" name="EpisodeStore &gt; fact lifecycle &gt; getFactsByTopic returns only active facts for the given topic" time="0.0002817">
        </testcase>
        <testcase classname="src/lib/engine/episode-store.test.ts" name="EpisodeStore &gt; episode limit &gt; trims old episodes when exceeding maxEpisodes (500)" time="0.003791">
        </testcase>
        <testcase classname="src/lib/engine/episode-store.test.ts" name="EpisodeStore &gt; getStats &gt; returns accurate statistics about stored episodes" time="0.0003432">
        </testcase>
    </testsuite>
    <testsuite name="src/lib/engine/feedback.test.ts" timestamp="2026-05-20T17:33:57.509Z" hostname="qaswe12340" tests="11" failures="0" errors="0" skipped="0" time="0.0123434">
        <testcase classname="src/lib/engine/feedback.test.ts" name="FeedbackStore &gt; records entries and retrieves by auditId" time="0.0046693">
        </testcase>
        <testcase classname="src/lib/engine/feedback.test.ts" name="FeedbackStore &gt; respects maxSize bounded queue" time="0.0014716">
        </testcase>
        <testcase classname="src/lib/engine/feedback.test.ts" name="FeedbackStore &gt; findByAuditId returns matching entry" time="0.000436">
        </testcase>
        <testcase classname="src/lib/engine/feedback.test.ts" name="FeedbackStore &gt; findByAuditId returns undefined for missing" time="0.0002109">
        </testcase>
        <testcase classname="src/lib/engine/feedback.test.ts" name="FeedbackStore &gt; getRecent returns latest N in reverse order" time="0.0005105">
        </testcase>
        <testcase classname="src/lib/engine/feedback.test.ts" name="FeedbackStore &gt; exportAll returns a snapshot array" time="0.0004768">
        </testcase>
        <testcase classname="src/lib/engine/feedback.test.ts" name="getFeedbackStats &gt; returns zeros for empty store" time="0.0009452">
        </testcase>
        <testcase classname="src/lib/engine/feedback.test.ts" name="getFeedbackStats &gt; computes correct acceptance rate" time="0.0003905">
        </testcase>
        <testcase classname="src/lib/engine/feedback.test.ts" name="getFeedbackStats &gt; groups by engine" time="0.0003224">
        </testcase>
        <testcase classname="src/lib/engine/feedback.test.ts" name="recordOutcome &gt; attaches outcome to existing feedback" time="0.0003419">
        </testcase>
        <testcase classname="src/lib/engine/feedback.test.ts" name="recordOutcome &gt; does nothing for non-existent auditId" time="0.0007173">
        </testcase>
    </testsuite>
    <testsuite name="src/lib/engine/memory.test.ts" timestamp="2026-05-20T17:33:57.511Z" hostname="qaswe12340" tests="10" failures="0" errors="0" skipped="0" time="0.0302356">
        <testcase classname="src/lib/engine/memory.test.ts" name="AgentMemory key-value store &gt; set and get a value" time="0.0012456">
        </testcase>
        <testcase classname="src/lib/engine/memory.test.ts" name="AgentMemory key-value store &gt; returns null for missing key" time="0.0002565">
        </testcase>
        <testcase classname="src/lib/engine/memory.test.ts" name="AgentMemory key-value store &gt; returns null for expired key" time="0.0243584">
        </testcase>
        <testcase classname="src/lib/engine/memory.test.ts" name="AgentMemory key-value store &gt; delete removes a key" time="0.0003413">
        </testcase>
        <testcase classname="src/lib/engine/memory.test.ts" name="AgentMemory key-value store &gt; namespaces isolate keys" time="0.0002788">
        </testcase>
        <testcase classname="src/lib/engine/memory.test.ts" name="AgentMemory key-value store &gt; getNamespaces returns active namespaces" time="0.0010331">
        </testcase>
        <testcase classname="src/lib/engine/memory.test.ts" name="SharedContext &gt; starts with all null sections" time="0.000307">
        </testcase>
        <testcase classname="src/lib/engine/memory.test.ts" name="SharedContext &gt; updateShared writes to a section" time="0.0002756">
        </testcase>
        <testcase classname="src/lib/engine/memory.test.ts" name="SharedContext &gt; updateShared merges partial data" time="0.0002665">
        </testcase>
        <testcase classname="src/lib/engine/memory.test.ts" name="TKV eviction &gt; evictExpired removes only expired entries" time="0.0003155">
        </testcase>
    </testsuite>
    <testsuite name="src/lib/engine/passport.test.ts" timestamp="2026-05-20T17:33:57.512Z" hostname="qaswe12340" tests="11" failures="0" errors="0" skipped="0" time="0.009137">
        <testcase classname="src/lib/engine/passport.test.ts" name="createPassport &gt; generates a valid passport with all required fields" time="0.004388">
        </testcase>
        <testcase classname="src/lib/engine/passport.test.ts" name="createPassport &gt; clamps confidence to [0, 1]" time="0.000407">
        </testcase>
        <testcase classname="src/lib/engine/passport.test.ts" name="createPassport &gt; sorts alternatives by confidence descending" time="0.0003307">
        </testcase>
        <testcase classname="src/lib/engine/passport.test.ts" name="provenanceEntry &gt; creates an ok entry" time="0.0002292">
        </testcase>
        <testcase classname="src/lib/engine/passport.test.ts" name="degradedProvenance &gt; creates a degraded entry" time="0.0002233">
        </testcase>
        <testcase classname="src/lib/engine/passport.test.ts" name="unavailableProvenance &gt; creates an unavailable entry" time="0.0002196">
        </testcase>
        <testcase classname="src/lib/engine/passport.test.ts" name="computeConfidence &gt; returns 1 when all sources are ok" time="0.0002239">
        </testcase>
        <testcase classname="src/lib/engine/passport.test.ts" name="computeConfidence &gt; returns lower score when sources are degraded" time="0.000137">
        </testcase>
        <testcase classname="src/lib/engine/passport.test.ts" name="computeConfidence &gt; returns significantly lower when critical source is unavailable" time="0.0001586">
        </testcase>
        <testcase classname="src/lib/engine/passport.test.ts" name="computeConfidence &gt; returns 0.5 for empty weights" time="0.0004903">
        </testcase>
        <testcase classname="src/lib/engine/passport.test.ts" name="serializeForFrontend &gt; strips internal trace fields and adds UI labels" time="0.0007243">
        </testcase>
    </testsuite>
    <testsuite name="src/lib/engine/rag.test.ts" timestamp="2026-05-20T17:33:57.513Z" hostname="qaswe12340" tests="47" failures="0" errors="0" skipped="0" time="0.075463">
        <testcase classname="src/lib/engine/rag.test.ts" name="retrieveKnowledge &gt; returns empty array for empty query" time="0.0013821">
        </testcase>
        <testcase classname="src/lib/engine/rag.test.ts" name="retrieveKnowledge &gt; returns results for short query" time="0.0047283">
        </testcase>
        <testcase classname="src/lib/engine/rag.test.ts" name="retrieveKnowledge &gt; returns top-K results sorted by score descending" time="0.0051144">
        </testcase>
        <testcase classname="src/lib/engine/rag.test.ts" name="retrieveKnowledge &gt; returns results with relevance labels" time="0.0062264">
        </testcase>
        <testcase classname="src/lib/engine/rag.test.ts" name="retrieveKnowledge &gt; scores are in valid range" time="0.0073459">
        </testcase>
        <testcase classname="src/lib/engine/rag.test.ts" name="retrieveKnowledge &gt; query matching tariff returns tariff-domain chunks" time="0.003098">
        </testcase>
        <testcase classname="src/lib/engine/rag.test.ts" name="retrieveKnowledge &gt; query matching compliance returns compliance-domain chunks" time="0.0029711">
        </testcase>
        <testcase classname="src/lib/engine/rag.test.ts" name="retrieveKnowledge &gt; query matching production returns production-domain chunks" time="0.0032816">
        </testcase>
        <testcase classname="src/lib/engine/rag.test.ts" name="retrieveKnowledge &gt; query matching ecommerce returns ecommerce-domain chunks" time="0.0045175">
        </testcase>
        <testcase classname="src/lib/engine/rag.test.ts" name="retrieveKnowledge &gt; query matching safety returns safety-domain chunks" time="0.004207">
        </testcase>
        <testcase classname="src/lib/engine/rag.test.ts" name="retrieveKnowledge &gt; query matching payment returns payment-domain chunks" time="0.0040792">
        </testcase>
        <testcase classname="src/lib/engine/rag.test.ts" name="augmentPrompt &gt; returns empty string for empty results" time="0.0002072">
        </testcase>
        <testcase classname="src/lib/engine/rag.test.ts" name="augmentPrompt &gt; includes chunk titles and domains" time="0.0039893">
        </testcase>
        <testcase classname="src/lib/engine/rag.test.ts" name="getRAGDomains &gt; returns all domains including new ones" time="0.0007085">
        </testcase>
        <testcase classname="src/lib/engine/rag.test.ts" name="searchByDomain &gt; filters correctly by domain" time="0.0002485">
        </testcase>
        <testcase classname="src/lib/engine/rag.test.ts" name="searchByDomain &gt; returns empty array for unknown domain" time="0.000122">
        </testcase>
        <testcase classname="src/lib/engine/rag.test.ts" name="searchByDomain &gt; returns results for new production domain" time="0.0001272">
        </testcase>
        <testcase classname="src/lib/engine/rag.test.ts" name="tokenize &gt; splits text into lowercase tokens" time="0.0001124">
        </testcase>
        <testcase classname="src/lib/engine/rag.test.ts" name="tokenize &gt; handles CJK characters — groups consecutive CJK as token" time="0.0001475">
        </testcase>
        <testcase classname="src/lib/engine/rag.test.ts" name="tokenize &gt; filters single-character tokens" time="0.0001771">
        </testcase>
        <testcase classname="src/lib/engine/rag.test.ts" name="tokenize &gt; strips punctuation and special characters" time="0.0002288">
        </testcase>
        <testcase classname="src/lib/engine/rag.test.ts" name="tokenize &gt; returns empty array for empty input" time="0.0001046">
        </testcase>
        <testcase classname="src/lib/engine/rag.test.ts" name="tokenize &gt; returns empty array for single-character input" time="0.0000778">
        </testcase>
        <testcase classname="src/lib/engine/rag.test.ts" name="tokenize &gt; handles mixed alphanumeric tokens" time="0.0001684">
        </testcase>
        <testcase classname="src/lib/engine/rag.test.ts" name="getScore &gt; returns 1.0 for chunk without usefulnessScore" time="0.000093">
        </testcase>
        <testcase classname="src/lib/engine/rag.test.ts" name="getScore &gt; returns the explicit score when set" time="0.0000993">
        </testcase>
        <testcase classname="src/lib/engine/rag.test.ts" name="getScore &gt; returns 0 for score of 0" time="0.0000682">
        </testcase>
        <testcase classname="src/lib/engine/rag.test.ts" name="getSourceTags &gt; returns custom sourceTags when set on the chunk" time="0.0001183">
        </testcase>
        <testcase classname="src/lib/engine/rag.test.ts" name="getSourceTags &gt; returns domain defaults for tariff domain" time="0.0001315">
        </testcase>
        <testcase classname="src/lib/engine/rag.test.ts" name="getSourceTags &gt; returns domain defaults for logistics domain" time="0.0000943">
        </testcase>
        <testcase classname="src/lib/engine/rag.test.ts" name="getSourceTags &gt; returns [domain] for unknown domains" time="0.0000683">
        </testcase>
        <testcase classname="src/lib/engine/rag.test.ts" name="getSourceTags &gt; returns domain defaults for ecommerce domain" time="0.0001073">
        </testcase>
        <testcase classname="src/lib/engine/rag.test.ts" name="updateChunkScore &gt; increases score with positive delta" time="0.0055323">
        </testcase>
        <testcase classname="src/lib/engine/rag.test.ts" name="updateChunkScore &gt; clamps score to minimum of 0" time="0.0033343">
            <system-err>
[RAG] Chunk &quot;Section 301 关税条款&quot; auto-demoted (score: 0.00). Consider manual review.

            </system-err>
        </testcase>
        <testcase classname="src/lib/engine/rag.test.ts" name="updateChunkScore &gt; clamps score to maximum of 1" time="0.0036145">
        </testcase>
        <testcase classname="src/lib/engine/rag.test.ts" name="updateChunkScore &gt; auto-demotes and warns when score drops below 0.3" time="0.0015163">
        </testcase>
        <testcase classname="src/lib/engine/rag.test.ts" name="updateChunkScore &gt; does nothing for unknown chunkId" time="0.0005452">
        </testcase>
        <testcase classname="src/lib/engine/rag.test.ts" name="evolveFromFeedback &gt; updates chunks matching source tags" time="0.0006304">
        </testcase>
        <testcase classname="src/lib/engine/rag.test.ts" name="evolveFromFeedback &gt; returns demoted chunks when score falls below 0.3 after multiple evolve cycles" time="0.0004293">
        </testcase>
        <testcase classname="src/lib/engine/rag.test.ts" name="evolveFromFeedback &gt; skips chunks with no matching source tags" time="0.0004103">
        </testcase>
        <testcase classname="src/lib/engine/rag.test.ts" name="evolveFromFeedback &gt; returns updated count of 0 for empty reliability input" time="0.0002131">
        </testcase>
        <testcase classname="src/lib/engine/rag.test.ts" name="getKnowledgeHealth &gt; returns total count matching KNOWLEDGE_BASE length" time="0.0002928">
        </testcase>
        <testcase classname="src/lib/engine/rag.test.ts" name="getKnowledgeHealth &gt; returns avgScore between 0 and 1" time="0.0001762">
        </testcase>
        <testcase classname="src/lib/engine/rag.test.ts" name="getKnowledgeHealth &gt; returns staleCount as a non-negative number" time="0.0001133">
        </testcase>
        <testcase classname="src/lib/engine/rag.test.ts" name="getKnowledgeHealth &gt; active + demoted = total" time="0.000107">
        </testcase>
        <testcase classname="src/lib/engine/rag.test.ts" name="getChunksNeedingReview &gt; returns an array" time="0.0001785">
        </testcase>
        <testcase classname="src/lib/engine/rag.test.ts" name="getChunksNeedingReview &gt; each entry has id and domain" time="0.0014581">
        </testcase>
    </testsuite>
    <testsuite name="src/lib/engine/react-agent.test.ts" timestamp="2026-05-20T17:33:57.518Z" hostname="qaswe12340" tests="34" failures="0" errors="0" skipped="0" time="0.0061323">
        <testcase classname="src/lib/engine/react-agent.test.ts" name="parseToolCalls &gt; parses a single valid tool call" time="0.0019068">
        </testcase>
        <testcase classname="src/lib/engine/react-agent.test.ts" name="parseToolCalls &gt; parses multiple parallel tool calls" time="0.0002757">
        </testcase>
        <testcase classname="src/lib/engine/react-agent.test.ts" name="parseToolCalls &gt; skips tool calls with malformed JSON params" time="0.0003679">
        </testcase>
        <testcase classname="src/lib/engine/react-agent.test.ts" name="parseToolCalls &gt; returns empty array when no tool call tags exist" time="0.0001261">
        </testcase>
        <testcase classname="src/lib/engine/react-agent.test.ts" name="parseToolCalls &gt; returns empty array for empty string" time="0.0000916">
        </testcase>
        <testcase classname="src/lib/engine/react-agent.test.ts" name="parseToolCalls &gt; handles tool call with no params tag" time="0.0001313">
        </testcase>
        <testcase classname="src/lib/engine/react-agent.test.ts" name="parseToolCalls &gt; handles whitespace around tool name and params" time="0.0001479">
        </testcase>
        <testcase classname="src/lib/engine/react-agent.test.ts" name="parseToolCalls &gt; parses tool calls with underscore names" time="0.0001435">
        </testcase>
        <testcase classname="src/lib/engine/react-agent.test.ts" name="parseToolCalls &gt; parses tool calls with nested params" time="0.0001531">
        </testcase>
        <testcase classname="src/lib/engine/react-agent.test.ts" name="parseToolCalls &gt; extracts only the last tool call when multiple have same name" time="0.0001806">
        </testcase>
        <testcase classname="src/lib/engine/react-agent.test.ts" name="stripToolCalls &gt; removes tool call tags and params" time="0.0002237">
        </testcase>
        <testcase classname="src/lib/engine/react-agent.test.ts" name="stripToolCalls &gt; removes multiple tool calls" time="0.0000811">
        </testcase>
        <testcase classname="src/lib/engine/react-agent.test.ts" name="stripToolCalls &gt; returns trimmed empty string for pure tool call text" time="0.0000466">
        </testcase>
        <testcase classname="src/lib/engine/react-agent.test.ts" name="stripToolCalls &gt; returns original text when no tool calls present" time="0.0000472">
        </testcase>
        <testcase classname="src/lib/engine/react-agent.test.ts" name="stripToolCalls &gt; trims whitespace from result" time="0.0000344">
        </testcase>
        <testcase classname="src/lib/engine/react-agent.test.ts" name="formatToolResult &gt; formats query_inventory overview" time="0.0002662">
        </testcase>
        <testcase classname="src/lib/engine/react-agent.test.ts" name="formatToolResult &gt; formats query_inventory reorder" time="0.0000764">
        </testcase>
        <testcase classname="src/lib/engine/react-agent.test.ts" name="formatToolResult &gt; formats query_sales overview" time="0.0000468">
        </testcase>
        <testcase classname="src/lib/engine/react-agent.test.ts" name="formatToolResult &gt; formats query_logistics stats" time="0.0000539">
        </testcase>
        <testcase classname="src/lib/engine/react-agent.test.ts" name="formatToolResult &gt; formats query_dashboard" time="0.0000495">
        </testcase>
        <testcase classname="src/lib/engine/react-agent.test.ts" name="formatToolResult &gt; formats query_risk" time="0.0000393">
        </testcase>
        <testcase classname="src/lib/engine/react-agent.test.ts" name="formatToolResult &gt; formats query_exchange_rates with rates" time="0.0000798">
        </testcase>
        <testcase classname="src/lib/engine/react-agent.test.ts" name="formatToolResult &gt; formats query_exchange_rates without rates" time="0.0000351">
        </testcase>
        <testcase classname="src/lib/engine/react-agent.test.ts" name="formatToolResult &gt; formats query_weather with alerts" time="0.0000607">
        </testcase>
        <testcase classname="src/lib/engine/react-agent.test.ts" name="formatToolResult &gt; formats query_weather without alerts" time="0.0000309">
        </testcase>
        <testcase classname="src/lib/engine/react-agent.test.ts" name="formatToolResult &gt; formats web_search with context" time="0.0000393">
        </testcase>
        <testcase classname="src/lib/engine/react-agent.test.ts" name="formatToolResult &gt; formats query_cascade_risk default" time="0.0000448">
        </testcase>
        <testcase classname="src/lib/engine/react-agent.test.ts" name="formatToolResult &gt; formats query_carbon_price" time="0.0000299">
        </testcase>
        <testcase classname="src/lib/engine/react-agent.test.ts" name="formatToolResult &gt; formats query_scfis" time="0.0000481">
        </testcase>
        <testcase classname="src/lib/engine/react-agent.test.ts" name="formatToolResult &gt; formats adjust_inventory with adjustment" time="0.0000651">
        </testcase>
        <testcase classname="src/lib/engine/react-agent.test.ts" name="formatToolResult &gt; formats adjust_inventory without adjustment" time="0.0000288">
        </testcase>
        <testcase classname="src/lib/engine/react-agent.test.ts" name="formatToolResult &gt; returns default message for null/undefined result" time="0.0000377">
        </testcase>
        <testcase classname="src/lib/engine/react-agent.test.ts" name="formatToolResult &gt; formats non-object result as no-data message" time="0.0000363">
        </testcase>
        <testcase classname="src/lib/engine/react-agent.test.ts" name="formatToolResult &gt; formats unknown tool with default JSON output" time="0.0000617">
        </testcase>
    </testsuite>
    <testsuite name="src/lib/engine/resilience.test.ts" timestamp="2026-05-20T17:33:57.521Z" hostname="qaswe12340" tests="17" failures="0" errors="0" skipped="0" time="0.0893345">
        <testcase classname="src/lib/engine/resilience.test.ts" name="withTimeout &gt; returns result when promise resolves before timeout" time="0.0011054">
        </testcase>
        <testcase classname="src/lib/engine/resilience.test.ts" name="withTimeout &gt; throws TimeoutError when promise exceeds timeout" time="0.0223015">
        </testcase>
        <testcase classname="src/lib/engine/resilience.test.ts" name="withTimeout &gt; re-throws non-timeout errors" time="0.0005633">
        </testcase>
        <testcase classname="src/lib/engine/resilience.test.ts" name="withPromiseTimeout &gt; works with plain promises" time="0.0001933">
        </testcase>
        <testcase classname="src/lib/engine/resilience.test.ts" name="withRetry &gt; returns on first success" time="0.0005803">
        </testcase>
        <testcase classname="src/lib/engine/resilience.test.ts" name="withRetry &gt; retries on failure" time="0.0449973">
        </testcase>
        <testcase classname="src/lib/engine/resilience.test.ts" name="withRetry &gt; throws after exhausting retries" time="0.0154346">
        </testcase>
        <testcase classname="src/lib/engine/resilience.test.ts" name="withRetry &gt; respects shouldRetry filter" time="0.0002835">
        </testcase>
        <testcase classname="src/lib/engine/resilience.test.ts" name="CircuitBreaker &gt; executes successfully when closed" time="0.000474">
        </testcase>
        <testcase classname="src/lib/engine/resilience.test.ts" name="CircuitBreaker &gt; opens after N consecutive failures" time="0.0008527">
        </testcase>
        <testcase classname="src/lib/engine/resilience.test.ts" name="CircuitBreaker &gt; throws CircuitBreakerOpenError when open" time="0.0003311">
        </testcase>
        <testcase classname="src/lib/engine/resilience.test.ts" name="CircuitBreaker &gt; can be manually reset" time="0.0001603">
        </testcase>
        <testcase classname="src/lib/engine/resilience.test.ts" name="getCircuitBreaker &gt; returns same instance for same name" time="0.0000777">
        </testcase>
        <testcase classname="src/lib/engine/resilience.test.ts" name="withFallback &gt; uses primary when it succeeds" time="0.0001472">
        </testcase>
        <testcase classname="src/lib/engine/resilience.test.ts" name="withFallback &gt; falls back when primary fails" time="0.0001746">
        </testcase>
        <testcase classname="src/lib/engine/resilience.test.ts" name="withFallback &gt; supports sync fallback" time="0.0001269">
        </testcase>
        <testcase classname="src/lib/engine/resilience.test.ts" name="withFallback &gt; throws when both primary and fallback fail" time="0.0002538">
        </testcase>
    </testsuite>
    <testsuite name="src/lib/services/cascade-risk.test.ts" timestamp="2026-05-20T17:33:57.523Z" hostname="qaswe12340" tests="44" failures="0" errors="0" skipped="0" time="0.0071757">
        <testcase classname="src/lib/services/cascade-risk.test.ts" name="sensitivityAnalysis &gt; returns one result per edge type" time="0.0011155">
        </testcase>
        <testcase classname="src/lib/services/cascade-risk.test.ts" name="sensitivityAnalysis &gt; each result contains parameter and perturbations array" time="0.0003724">
        </testcase>
        <testcase classname="src/lib/services/cascade-risk.test.ts" name="sensitivityAnalysis &gt; handles empty propagation" time="0.0001478">
        </testcase>
        <testcase classname="src/lib/services/cascade-risk.test.ts" name="sensitivityAnalysis &gt; handles empty baseAttenuation" time="0.0003841">
        </testcase>
        <testcase classname="src/lib/services/cascade-risk.test.ts" name="runCounterfactual &gt; computes alternative impact given alternatives" time="0.0002662">
        </testcase>
        <testcase classname="src/lib/services/cascade-risk.test.ts" name="runCounterfactual &gt; handles empty alternatives array" time="0.0001111">
        </testcase>
        <testcase classname="src/lib/services/cascade-risk.test.ts" name="runCounterfactual &gt; handles report with zero affected nodes" time="0.0000903">
        </testcase>
        <testcase classname="src/lib/services/cascade-risk.test.ts" name="boundaryTest &gt; returns 7 test cases" time="0.0000907">
        </testcase>
        <testcase classname="src/lib/services/cascade-risk.test.ts" name="boundaryTest &gt; each test has name, passed, description" time="0.0002412">
        </testcase>
        <testcase classname="src/lib/services/cascade-risk.test.ts" name="boundaryTest &gt; has allPassed boolean" time="0.0001051">
        </testcase>
        <testcase classname="src/lib/services/cascade-risk.test.ts" name="fuseMultiSourceRisks &gt; returns single entry for single source with weighted_sum (default)" time="0.0006249">
        </testcase>
        <testcase classname="src/lib/services/cascade-risk.test.ts" name="fuseMultiSourceRisks &gt; accumulates same-node sources with diminishing returns (weighted_sum)" time="0.0002336">
        </testcase>
        <testcase classname="src/lib/services/cascade-risk.test.ts" name="fuseMultiSourceRisks &gt; caps accumulated risk at 100" time="0.0000805">
        </testcase>
        <testcase classname="src/lib/services/cascade-risk.test.ts" name="fuseMultiSourceRisks &gt; handles empty sources" time="0.0000629">
        </testcase>
        <testcase classname="src/lib/services/cascade-risk.test.ts" name="fuseMultiSourceRisks &gt; max_impact strategy &gt; returns max risk per node" time="0.0001455">
        </testcase>
        <testcase classname="src/lib/services/cascade-risk.test.ts" name="fuseMultiSourceRisks &gt; max_impact strategy &gt; handles multiple nodes independently" time="0.0000901">
        </testcase>
        <testcase classname="src/lib/services/cascade-risk.test.ts" name="fuseMultiSourceRisks &gt; threshold_lower strategy &gt; applies 1.3x multiplier for multi-category risks" time="0.0000822">
        </testcase>
        <testcase classname="src/lib/services/cascade-risk.test.ts" name="fuseMultiSourceRisks &gt; threshold_lower strategy &gt; single category does not apply multiplier" time="0.0000581">
        </testcase>
        <testcase classname="src/lib/services/cascade-risk.test.ts" name="applyCustomRules &gt; returns edge attenuation when no rules match" time="0.0003079">
        </testcase>
        <testcase classname="src/lib/services/cascade-risk.test.ts" name="applyCustomRules &gt; overrides attenuation when rule matches without condition" time="0.0000633">
        </testcase>
        <testcase classname="src/lib/services/cascade-risk.test.ts" name="applyCustomRules &gt; ignores rules that do not match the edge type" time="0.0000421">
        </testcase>
        <testcase classname="src/lib/services/cascade-risk.test.ts" name="applyCustomRules &gt; evaluates gt condition correctly" time="0.0000601">
        </testcase>
        <testcase classname="src/lib/services/cascade-risk.test.ts" name="applyCustomRules &gt; evaluates lt condition correctly" time="0.0000611">
        </testcase>
        <testcase classname="src/lib/services/cascade-risk.test.ts" name="applyCustomRules &gt; evaluates eq condition with string match" time="0.0000576">
        </testcase>
        <testcase classname="src/lib/services/cascade-risk.test.ts" name="applyCustomRules &gt; last matching rule wins (rules iterate in order, last override applies)" time="0.0000546">
        </testcase>
        <testcase classname="src/lib/services/cascade-risk.test.ts" name="generateExplanation &gt; includes basic risk propagation formula" time="0.0001305">
        </testcase>
        <testcase classname="src/lib/services/cascade-risk.test.ts" name="generateExplanation &gt; includes delay info for CARRIES edges" time="0.0000444">
        </testcase>
        <testcase classname="src/lib/services/cascade-risk.test.ts" name="generateExplanation &gt; includes stock status for STORED_IN edges" time="0.0000341">
        </testcase>
        <testcase classname="src/lib/services/cascade-risk.test.ts" name="generateExplanation &gt; mentions calibrated attenuation when non-default" time="0.0000318">
        </testcase>
        <testcase classname="src/lib/services/cascade-risk.test.ts" name="generateExplanation &gt; omits calibrated note when using default attenuation" time="0.0000539">
        </testcase>
        <testcase classname="src/lib/services/cascade-risk.test.ts" name="generatePreventiveActions &gt; suggests alternative port routes for port-related paths" time="0.0000806">
        </testcase>
        <testcase classname="src/lib/services/cascade-risk.test.ts" name="generatePreventiveActions &gt; suggests emergency restock for high impact scores" time="0.0000459">
        </testcase>
        <testcase classname="src/lib/services/cascade-risk.test.ts" name="generatePreventiveActions &gt; does not suggest emergency restock for low impact scores" time="0.0000426">
        </testcase>
        <testcase classname="src/lib/services/cascade-risk.test.ts" name="generatePreventiveActions &gt; suggests backup supplier for supplier-related paths" time="0.0000316">
        </testcase>
        <testcase classname="src/lib/services/cascade-risk.test.ts" name="generatePreventiveActions &gt; combines multiple actions when multiple conditions trigger" time="0.0000606">
        </testcase>
        <testcase classname="src/lib/services/cascade-risk.test.ts" name="generatePreventiveActions &gt; returns undefined when no condition triggers" time="0.0000298">
        </testcase>
        <testcase classname="src/lib/services/cascade-risk.test.ts" name="weatherDesc &gt; returns 晴天 for code 0-1" time="0.0000623">
        </testcase>
        <testcase classname="src/lib/services/cascade-risk.test.ts" name="weatherDesc &gt; returns 多云 for code 2-3" time="0.0000573">
        </testcase>
        <testcase classname="src/lib/services/cascade-risk.test.ts" name="weatherDesc &gt; returns 雾/霾 for code 4-48" time="0.0000452">
        </testcase>
        <testcase classname="src/lib/services/cascade-risk.test.ts" name="weatherDesc &gt; returns 毛毛雨 for code 49-57" time="0.0000418">
        </testcase>
        <testcase classname="src/lib/services/cascade-risk.test.ts" name="weatherDesc &gt; returns 降雨 for code 58-67" time="0.0000413">
        </testcase>
        <testcase classname="src/lib/services/cascade-risk.test.ts" name="weatherDesc &gt; returns 降雪 for code 68-77" time="0.0000458">
        </testcase>
        <testcase classname="src/lib/services/cascade-risk.test.ts" name="weatherDesc &gt; returns 阵雨 for code 78-86" time="0.0000365">
        </testcase>
        <testcase classname="src/lib/services/cascade-risk.test.ts" name="weatherDesc &gt; returns 雷暴 for code 87+" time="0.0000551">
        </testcase>
    </testsuite>
    <testsuite name="src/lib/services/information-router.test.ts" timestamp="2026-05-20T17:33:57.527Z" hostname="qaswe12340" tests="20" failures="0" errors="0" skipped="0" time="0.0069142">
        <testcase classname="src/lib/services/information-router.test.ts" name="classifyIntent &gt; classifies supply_chain_data intent for commodity queries" time="0.0017064">
        </testcase>
        <testcase classname="src/lib/services/information-router.test.ts" name="classifyIntent &gt; classifies supply_chain_data intent for inventory queries" time="0.0003868">
        </testcase>
        <testcase classname="src/lib/services/information-router.test.ts" name="classifyIntent &gt; classifies news_event intent for time-sensitive queries" time="0.0004045">
        </testcase>
        <testcase classname="src/lib/services/information-router.test.ts" name="classifyIntent &gt; classifies news_event intent for policy change queries" time="0.0002658">
        </testcase>
        <testcase classname="src/lib/services/information-router.test.ts" name="classifyIntent &gt; classifies general_knowledge intent for definition questions" time="0.0002235">
        </testcase>
        <testcase classname="src/lib/services/information-router.test.ts" name="classifyIntent &gt; classifies opinion_recommendation intent for recommendation queries" time="0.0001456">
        </testcase>
        <testcase classname="src/lib/services/information-router.test.ts" name="classifyIntent &gt; classifies chat_greeting intent for greetings" time="0.0000955">
        </testcase>
        <testcase classname="src/lib/services/information-router.test.ts" name="classifyIntent &gt; classifies supply_chain_knowledge intent for domain knowledge queries" time="0.0000981">
        </testcase>
        <testcase classname="src/lib/services/information-router.test.ts" name="classifyIntent &gt; handles empty query by returning chat_greeting with tier 0" time="0.0001011">
        </testcase>
        <testcase classname="src/lib/services/information-router.test.ts" name="classifyIntent &gt; handles whitespace-only query as empty" time="0.0001409">
        </testcase>
        <testcase classname="src/lib/services/information-router.test.ts" name="classifyIntent &gt; defaults to supply_chain_knowledge for completely unknown queries" time="0.0001393">
        </testcase>
        <testcase classname="src/lib/services/information-router.test.ts" name="classifyIntent &gt; classifies thank you messages as chat_greeting" time="0.0001212">
        </testcase>
        <testcase classname="src/lib/services/information-router.test.ts" name="classifyIntent &gt; classifies supply_chain_knowledge when supply chain keyword is a substring" time="0.0001638">
        </testcase>
        <testcase classname="src/lib/services/information-router.test.ts" name="classifyIntent &gt; classifies general_knowledge for mixed domain/general queries with more general keyword hits" time="0.0001563">
        </testcase>
        <testcase classname="src/lib/services/information-router.test.ts" name="classifyIntent &gt; classifies general_knowledge for principle explanation queries" time="0.0000942">
        </testcase>
        <testcase classname="src/lib/services/information-router.test.ts" name="hasKeyword &gt; returns true when the keyword is fully contained in the query" time="0.0001799">
        </testcase>
        <testcase classname="src/lib/services/information-router.test.ts" name="hasKeyword &gt; returns false when the keyword is not present" time="0.000098">
        </testcase>
        <testcase classname="src/lib/services/information-router.test.ts" name="hasKeyword &gt; applies word boundary for short English keywords (1-3 letters)" time="0.000172">
        </testcase>
        <testcase classname="src/lib/services/information-router.test.ts" name="hasKeyword &gt; is case insensitive for both query and keyword" time="0.0000995">
        </testcase>
        <testcase classname="src/lib/services/information-router.test.ts" name="hasKeyword &gt; matches longer English keywords without word boundary restriction" time="0.0000702">
        </testcase>
    </testsuite>
    <testsuite name="src/lib/services/inventory.service.test.ts" timestamp="2026-05-20T17:33:57.529Z" hostname="qaswe12340" tests="20" failures="0" errors="0" skipped="0" time="0.0047018">
        <testcase classname="src/lib/services/inventory.service.test.ts" name="Inventory Service &gt; computeStockStatus &gt; returns &quot;critical&quot; when quantity &lt;= 50% of safety stock" time="0.0013761">
        </testcase>
        <testcase classname="src/lib/services/inventory.service.test.ts" name="Inventory Service &gt; computeStockStatus &gt; returns &quot;warning&quot; when quantity &lt;= safety stock but &gt; 50%" time="0.0001508">
        </testcase>
        <testcase classname="src/lib/services/inventory.service.test.ts" name="Inventory Service &gt; computeStockStatus &gt; returns &quot;overstock&quot; when quantity &gt;= 3x safety stock" time="0.0000968">
        </testcase>
        <testcase classname="src/lib/services/inventory.service.test.ts" name="Inventory Service &gt; computeStockStatus &gt; returns &quot;healthy&quot; for normal stock levels" time="0.0001305">
        </testcase>
        <testcase classname="src/lib/services/inventory.service.test.ts" name="Inventory Service &gt; computeStockStatus &gt; handles zero safety stock" time="0.0001104">
        </testcase>
        <testcase classname="src/lib/services/inventory.service.test.ts" name="Inventory Service &gt; computeStockStatus &gt; boundary: exactly 50% of safety stock is critical" time="0.000087">
        </testcase>
        <testcase classname="src/lib/services/inventory.service.test.ts" name="Inventory Service &gt; computeStockStatus &gt; boundary: just above 50% of safety stock is warning" time="0.0000627">
        </testcase>
        <testcase classname="src/lib/services/inventory.service.test.ts" name="Inventory Service &gt; computeStockStatus &gt; boundary: exactly safety stock is warning" time="0.00005">
        </testcase>
        <testcase classname="src/lib/services/inventory.service.test.ts" name="Inventory Service &gt; computeStockStatus &gt; boundary: just above safety stock is healthy" time="0.0000864">
        </testcase>
        <testcase classname="src/lib/services/inventory.service.test.ts" name="Inventory Service &gt; computeStockStatus &gt; boundary: exactly 3x safety stock is overstock" time="0.000098">
        </testcase>
        <testcase classname="src/lib/services/inventory.service.test.ts" name="Inventory Service &gt; computeStockStatus &gt; boundary: just below 3x safety stock is healthy" time="0.0000551">
        </testcase>
        <testcase classname="src/lib/services/inventory.service.test.ts" name="Inventory Service &gt; computeSafetyStock &gt; returns 0 when no sales records" time="0.0001184">
        </testcase>
        <testcase classname="src/lib/services/inventory.service.test.ts" name="Inventory Service &gt; computeSafetyStock &gt; computes safety stock from sales records" time="0.0001251">
        </testcase>
        <testcase classname="src/lib/services/inventory.service.test.ts" name="Inventory Service &gt; computeSafetyStock &gt; computes higher safety stock with more variable sales" time="0.0001038">
        </testcase>
        <testcase classname="src/lib/services/inventory.service.test.ts" name="Inventory Service &gt; computeSafetyStock &gt; respects service level parameter" time="0.0000935">
        </testcase>
        <testcase classname="src/lib/services/inventory.service.test.ts" name="Inventory Service &gt; computeSafetyStock &gt; respects lead time parameter" time="0.0000562">
        </testcase>
        <testcase classname="src/lib/services/inventory.service.test.ts" name="Inventory Service &gt; computeSafetyStock &gt; uses default service level of 0.95" time="0.0000646">
        </testcase>
        <testcase classname="src/lib/services/inventory.service.test.ts" name="Inventory Service &gt; computeSafetyStock &gt; uses default lead time of 14 days" time="0.0000519">
        </testcase>
        <testcase classname="src/lib/services/inventory.service.test.ts" name="Inventory Service &gt; computeSafetyStock &gt; falls back to z=1.65 for unknown service levels" time="0.0000435">
        </testcase>
        <testcase classname="src/lib/services/inventory.service.test.ts" name="Inventory Service &gt; computeSafetyStock &gt; rounds the result to integer" time="0.0000428">
        </testcase>
    </testsuite>
    <testsuite name="src/lib/services/notes.service.test.ts" timestamp="2026-05-20T17:33:57.531Z" hostname="qaswe12340" tests="30" failures="0" errors="0" skipped="0" time="0.014095">
        <testcase classname="src/lib/services/notes.service.test.ts" name="Notes Service &gt; isValidNoteCategory &gt; returns true for valid categories" time="0.0018904">
        </testcase>
        <testcase classname="src/lib/services/notes.service.test.ts" name="Notes Service &gt; isValidNoteCategory &gt; returns false for invalid category" time="0.0002038">
        </testcase>
        <testcase classname="src/lib/services/notes.service.test.ts" name="Notes Service &gt; isValidNotePriority &gt; returns true for valid priorities" time="0.0001885">
        </testcase>
        <testcase classname="src/lib/services/notes.service.test.ts" name="Notes Service &gt; isValidNotePriority &gt; returns false for invalid priority" time="0.0001536">
        </testcase>
        <testcase classname="src/lib/services/notes.service.test.ts" name="Notes Service &gt; NOTE_CATEGORIES &gt; contains all expected categories" time="0.0009495">
        </testcase>
        <testcase classname="src/lib/services/notes.service.test.ts" name="Notes Service &gt; NOTE_PRIORITIES &gt; contains all expected priorities" time="0.0002129">
        </testcase>
        <testcase classname="src/lib/services/notes.service.test.ts" name="Notes Service &gt; getNotes &gt; returns notes with default filters" time="0.0008486">
        </testcase>
        <testcase classname="src/lib/services/notes.service.test.ts" name="Notes Service &gt; getNotes &gt; applies SKU filter" time="0.0017055">
        </testcase>
        <testcase classname="src/lib/services/notes.service.test.ts" name="Notes Service &gt; getNotes &gt; applies category filter" time="0.0003442">
        </testcase>
        <testcase classname="src/lib/services/notes.service.test.ts" name="Notes Service &gt; getNotes &gt; applies isResolved filter" time="0.0002753">
        </testcase>
        <testcase classname="src/lib/services/notes.service.test.ts" name="Notes Service &gt; getNotes &gt; applies priority filter" time="0.0002009">
        </testcase>
        <testcase classname="src/lib/services/notes.service.test.ts" name="Notes Service &gt; getNotes &gt; applies custom limit and offset" time="0.0001046">
        </testcase>
        <testcase classname="src/lib/services/notes.service.test.ts" name="Notes Service &gt; getNotes &gt; computes unresolved count" time="0.0001271">
        </testcase>
        <testcase classname="src/lib/services/notes.service.test.ts" name="Notes Service &gt; createNote &gt; creates a note with valid data" time="0.0005922">
        </testcase>
        <testcase classname="src/lib/services/notes.service.test.ts" name="Notes Service &gt; createNote &gt; throws error when content is empty" time="0.001096">
        </testcase>
        <testcase classname="src/lib/services/notes.service.test.ts" name="Notes Service &gt; createNote &gt; throws error when content is only whitespace" time="0.0001953">
        </testcase>
        <testcase classname="src/lib/services/notes.service.test.ts" name="Notes Service &gt; createNote &gt; throws error when SKU does not exist" time="0.0001548">
        </testcase>
        <testcase classname="src/lib/services/notes.service.test.ts" name="Notes Service &gt; createNote &gt; creates note without SKU" time="0.0002573">
        </testcase>
        <testcase classname="src/lib/services/notes.service.test.ts" name="Notes Service &gt; createNote &gt; creates supply chain event on note creation" time="0.0001981">
        </testcase>
        <testcase classname="src/lib/services/notes.service.test.ts" name="Notes Service &gt; createNote &gt; defaults category to general and priority to normal" time="0.0002346">
        </testcase>
        <testcase classname="src/lib/services/notes.service.test.ts" name="Notes Service &gt; createNote &gt; throws error for invalid category" time="0.0001755">
        </testcase>
        <testcase classname="src/lib/services/notes.service.test.ts" name="Notes Service &gt; createNote &gt; throws error for invalid priority" time="0.0001495">
        </testcase>
        <testcase classname="src/lib/services/notes.service.test.ts" name="Notes Service &gt; updateNote &gt; resolves a note" time="0.0003074">
        </testcase>
        <testcase classname="src/lib/services/notes.service.test.ts" name="Notes Service &gt; updateNote &gt; creates event when resolving note" time="0.0002034">
        </testcase>
        <testcase classname="src/lib/services/notes.service.test.ts" name="Notes Service &gt; updateNote &gt; does not create event when note is already resolved" time="0.0001745">
        </testcase>
        <testcase classname="src/lib/services/notes.service.test.ts" name="Notes Service &gt; updateNote &gt; updates priority" time="0.0002256">
        </testcase>
        <testcase classname="src/lib/services/notes.service.test.ts" name="Notes Service &gt; updateNote &gt; throws error when note does not exist" time="0.0001877">
        </testcase>
        <testcase classname="src/lib/services/notes.service.test.ts" name="Notes Service &gt; updateNote &gt; throws error for invalid priority on update" time="0.0001904">
        </testcase>
        <testcase classname="src/lib/services/notes.service.test.ts" name="Notes Service &gt; deleteNote &gt; deletes an existing note" time="0.000337">
        </testcase>
        <testcase classname="src/lib/services/notes.service.test.ts" name="Notes Service &gt; deleteNote &gt; throws error when note does not exist" time="0.0001851">
        </testcase>
    </testsuite>
    <testsuite name="src/lib/services/user.service.test.ts" timestamp="2026-05-20T17:33:57.534Z" hostname="qaswe12340" tests="17" failures="0" errors="0" skipped="0" time="0.0076021">
        <testcase classname="src/lib/services/user.service.test.ts" name="User Service &gt; getUsers &gt; returns list of users without passwords" time="0.0021485">
        </testcase>
        <testcase classname="src/lib/services/user.service.test.ts" name="User Service &gt; getUsers &gt; returns empty array when no users" time="0.0001739">
        </testcase>
        <testcase classname="src/lib/services/user.service.test.ts" name="User Service &gt; getUserById &gt; returns user by id without password" time="0.0012661">
        </testcase>
        <testcase classname="src/lib/services/user.service.test.ts" name="User Service &gt; getUserById &gt; returns null when user not found" time="0.0001763">
        </testcase>
        <testcase classname="src/lib/services/user.service.test.ts" name="User Service &gt; createUser &gt; hashes password and creates user with correct role" time="0.0004471">
        </testcase>
        <testcase classname="src/lib/services/user.service.test.ts" name="User Service &gt; createUser &gt; creates user with specified role" time="0.0003043">
        </testcase>
        <testcase classname="src/lib/services/user.service.test.ts" name="User Service &gt; createUser &gt; defaults to viewer role when role not specified" time="0.000226">
        </testcase>
        <testcase classname="src/lib/services/user.service.test.ts" name="User Service &gt; updateUser &gt; updates allowed fields" time="0.0002501">
        </testcase>
        <testcase classname="src/lib/services/user.service.test.ts" name="User Service &gt; updateUser &gt; updates only provided fields" time="0.0001828">
        </testcase>
        <testcase classname="src/lib/services/user.service.test.ts" name="User Service &gt; updateUser &gt; deactivates user via isActive field" time="0.0001998">
        </testcase>
        <testcase classname="src/lib/services/user.service.test.ts" name="User Service &gt; changePassword &gt; hashes new password and updates" time="0.0002113">
        </testcase>
        <testcase classname="src/lib/services/user.service.test.ts" name="User Service &gt; deactivateUser &gt; sets isActive to false" time="0.0001331">
        </testcase>
        <testcase classname="src/lib/services/user.service.test.ts" name="User Service &gt; seedDefaultAdmin &gt; creates 3 users when no users exist" time="0.0001871">
        </testcase>
        <testcase classname="src/lib/services/user.service.test.ts" name="User Service &gt; seedDefaultAdmin &gt; does not create users when users already exist" time="0.0001498">
        </testcase>
        <testcase classname="src/lib/services/user.service.test.ts" name="User Service &gt; seedDefaultAdmin &gt; creates admin user with correct email and role" time="0.0002074">
        </testcase>
        <testcase classname="src/lib/services/user.service.test.ts" name="User Service &gt; seedDefaultAdmin &gt; creates manager user with correct email and role" time="0.000124">
        </testcase>
        <testcase classname="src/lib/services/user.service.test.ts" name="User Service &gt; seedDefaultAdmin &gt; creates viewer user with correct email and role" time="0.0000987">
        </testcase>
    </testsuite>
    <testsuite name="src/lib/services/web-search-cross-validator.test.ts" timestamp="2026-05-20T17:33:57.536Z" hostname="qaswe12340" tests="13" failures="0" errors="0" skipped="0" time="0.0044174">
        <testcase classname="src/lib/services/web-search-cross-validator.test.ts" name="extractClaim &gt; extracts claims with percentage indicators from Chinese text" time="0.0012492">
        </testcase>
        <testcase classname="src/lib/services/web-search-cross-validator.test.ts" name="extractClaim &gt; extracts claims with year/date indicators from Chinese text" time="0.0001496">
        </testcase>
        <testcase classname="src/lib/services/web-search-cross-validator.test.ts" name="extractClaim &gt; ignores sentences without factual indicators" time="0.0005124">
        </testcase>
        <testcase classname="src/lib/services/web-search-cross-validator.test.ts" name="extractClaim &gt; extracts claims with English factual indicators" time="0.0001873">
        </testcase>
        <testcase classname="src/lib/services/web-search-cross-validator.test.ts" name="extractClaim &gt; returns empty array for short sentences (&lt;= 10 chars after trim)" time="0.0001543">
        </testcase>
        <testcase classname="src/lib/services/web-search-cross-validator.test.ts" name="extractClaim &gt; limits to 5 claims maximum" time="0.0001517">
        </testcase>
        <testcase classname="src/lib/services/web-search-cross-validator.test.ts" name="extractClaim &gt; extracts claims containing 关税/税率 keywords" time="0.0000814">
        </testcase>
        <testcase classname="src/lib/services/web-search-cross-validator.test.ts" name="computeSourceAgreement &gt; returns high agreement for matching sources with overlapping tokens" time="0.0003076">
        </testcase>
        <testcase classname="src/lib/services/web-search-cross-validator.test.ts" name="computeSourceAgreement &gt; returns low agreement for non-matching sources" time="0.0001331">
        </testcase>
        <testcase classname="src/lib/services/web-search-cross-validator.test.ts" name="computeSourceAgreement &gt; returns score 0 and supportingSources 0 for empty sources" time="0.0001124">
        </testcase>
        <testcase classname="src/lib/services/web-search-cross-validator.test.ts" name="computeSourceAgreement &gt; handles partial overlap where some sources agree and some do not" time="0.0001137">
        </testcase>
        <testcase classname="src/lib/services/web-search-cross-validator.test.ts" name="computeSourceAgreement &gt; returns score 0 when claim produces no tokens" time="0.0001447">
        </testcase>
        <testcase classname="src/lib/services/web-search-cross-validator.test.ts" name="computeSourceAgreement &gt; detects numeric overlap (percentages, prices)" time="0.0000937">
        </testcase>
    </testsuite>
    <testsuite name="src/lib/services/web-search-guard.test.ts" timestamp="2026-05-20T17:33:57.537Z" hostname="qaswe12340" tests="18" failures="0" errors="0" skipped="0" time="0.0087202">
        <testcase classname="src/lib/services/web-search-guard.test.ts" name="scoreResultQuality &gt; returns baseline score of 0.5 for a minimal valid result" time="0.0027333">
        </testcase>
        <testcase classname="src/lib/services/web-search-guard.test.ts" name="scoreResultQuality &gt; boosts high-authority domains (reuters.com)" time="0.0005397">
        </testcase>
        <testcase classname="src/lib/services/web-search-guard.test.ts" name="scoreResultQuality &gt; penalizes low-authority domains (reddit.com)" time="0.000422">
        </testcase>
        <testcase classname="src/lib/services/web-search-guard.test.ts" name="scoreResultQuality &gt; penalizes keyword stuffing in the title" time="0.0002526">
        </testcase>
        <testcase classname="src/lib/services/web-search-guard.test.ts" name="scoreResultQuality &gt; rewards long snippets (100+ chars)" time="0.0002467">
        </testcase>
        <testcase classname="src/lib/services/web-search-guard.test.ts" name="scoreResultQuality &gt; penalizes missing or very short snippets (&lt; 20 chars)" time="0.000235">
        </testcase>
        <testcase classname="src/lib/services/web-search-guard.test.ts" name="scoreResultQuality &gt; rewards HTTPS URLs" time="0.0002469">
        </testcase>
        <testcase classname="src/lib/services/web-search-guard.test.ts" name="scoreResultQuality &gt; rewards fresh content published within the last 7 days" time="0.0003642">
        </testcase>
        <testcase classname="src/lib/services/web-search-guard.test.ts" name="scoreResultQuality &gt; clamps score to be within [0, 1] range" time="0.0002543">
        </testcase>
        <testcase classname="src/lib/services/web-search-guard.test.ts" name="scoreResultQuality &gt; handles invalid URL gracefully by returning baseline" time="0.0003657">
        </testcase>
        <testcase classname="src/lib/services/web-search-guard.test.ts" name="checkLanguageMatch &gt; returns true for auto language target regardless of content" time="0.000233">
        </testcase>
        <testcase classname="src/lib/services/web-search-guard.test.ts" name="checkLanguageMatch &gt; returns true for Chinese text with zh target" time="0.0001818">
        </testcase>
        <testcase classname="src/lib/services/web-search-guard.test.ts" name="checkLanguageMatch &gt; returns false for English-only text with zh target" time="0.0001513">
        </testcase>
        <testcase classname="src/lib/services/web-search-guard.test.ts" name="checkLanguageMatch &gt; returns true for English text with en target" time="0.0000932">
        </testcase>
        <testcase classname="src/lib/services/web-search-guard.test.ts" name="checkLanguageMatch &gt; returns false for Chinese-only text with en target" time="0.0001418">
        </testcase>
        <testcase classname="src/lib/services/web-search-guard.test.ts" name="checkLanguageMatch &gt; returns true for mixed Chinese/English content with zh target" time="0.0000947">
        </testcase>
        <testcase classname="src/lib/services/web-search-guard.test.ts" name="checkLanguageMatch &gt; passes through ambiguous text (no Chinese, no English) for zh target" time="0.0001109">
        </testcase>
        <testcase classname="src/lib/services/web-search-guard.test.ts" name="checkLanguageMatch &gt; passes through ambiguous text (no Chinese, no English) for en target" time="0.0000739">
        </testcase>
    </testsuite>
    <testsuite name="src/lib/services/web-search-reranker.test.ts" timestamp="2026-05-20T17:33:57.540Z" hostname="qaswe12340" tests="13" failures="0" errors="0" skipped="0" time="0.0086794">
        <testcase classname="src/lib/services/web-search-reranker.test.ts" name="computeSemanticSimilarity &gt; returns a high score for query that closely matches text" time="0.0016161">
        </testcase>
        <testcase classname="src/lib/services/web-search-reranker.test.ts" name="computeSemanticSimilarity &gt; returns a lower score for unrelated text" time="0.0003526">
        </testcase>
        <testcase classname="src/lib/services/web-search-reranker.test.ts" name="computeSemanticSimilarity &gt; returns 0 for empty text" time="0.0002648">
        </testcase>
        <testcase classname="src/lib/services/web-search-reranker.test.ts" name="computeSemanticSimilarity &gt; returns 0.3 default when query produces no tokens" time="0.0002624">
        </testcase>
        <testcase classname="src/lib/services/web-search-reranker.test.ts" name="computeAuthorityBoost &gt; returns 0.25 for .gov domains" time="0.0002999">
        </testcase>
        <testcase classname="src/lib/services/web-search-reranker.test.ts" name="computeAuthorityBoost &gt; returns 0.20 for reuters.com" time="0.0001955">
        </testcase>
        <testcase classname="src/lib/services/web-search-reranker.test.ts" name="computeAuthorityBoost &gt; returns 0 for unknown/neutral domains" time="0.000198">
        </testcase>
        <testcase classname="src/lib/services/web-search-reranker.test.ts" name="computeAuthorityBoost &gt; returns -0.10 penalty for reddit.com" time="0.0001321">
        </testcase>
        <testcase classname="src/lib/services/web-search-reranker.test.ts" name="computeAuthorityBoost &gt; returns 0 for invalid URLs" time="0.0002339">
        </testcase>
        <testcase classname="src/lib/services/web-search-reranker.test.ts" name="rerankResults &gt; orders results by combined score descending (authority + relevance)" time="0.001545">
        </testcase>
        <testcase classname="src/lib/services/web-search-reranker.test.ts" name="rerankResults &gt; returns empty array when given empty input" time="0.0006509">
        </testcase>
        <testcase classname="src/lib/services/web-search-reranker.test.ts" name="rerankResults &gt; returns a single result unchanged" time="0.0010794">
        </testcase>
        <testcase classname="src/lib/services/web-search-reranker.test.ts" name="rerankResults &gt; boosts high-authority .gov results even with weaker semantic match" time="0.0003339">
        </testcase>
    </testsuite>
    <testsuite name="src/lib/services/web-search-rewriter.test.ts" timestamp="2026-05-20T17:33:57.541Z" hostname="qaswe12340" tests="14" failures="0" errors="0" skipped="0" time="0.0100224">
        <testcase classname="src/lib/services/web-search-rewriter.test.ts" name="extractKeywords &gt; extracts Chinese entities from a supply chain query" time="0.0024057">
        </testcase>
        <testcase classname="src/lib/services/web-search-rewriter.test.ts" name="extractKeywords &gt; extracts English words (3+ chars) excluding filler words" time="0.0015154">
        </testcase>
        <testcase classname="src/lib/services/web-search-rewriter.test.ts" name="extractKeywords &gt; returns empty entities and types for empty query" time="0.0006728">
        </testcase>
        <testcase classname="src/lib/services/web-search-rewriter.test.ts" name="extractKeywords &gt; deduplicates entities keeping the first occurrence" time="0.0002271">
        </testcase>
        <testcase classname="src/lib/services/web-search-rewriter.test.ts" name="extractKeywords &gt; excludes common filler words from English extraction" time="0.0003185">
        </testcase>
        <testcase classname="src/lib/services/web-search-rewriter.test.ts" name="extractKeywords &gt; extracts product type entities" time="0.000376">
        </testcase>
        <testcase classname="src/lib/services/web-search-rewriter.test.ts" name="extractKeywords &gt; extracts location entities from port names" time="0.0004158">
        </testcase>
        <testcase classname="src/lib/services/web-search-rewriter.test.ts" name="rewriteQuery &gt; produces distinct variants from all 4 strategies" time="0.0005786">
        </testcase>
        <testcase classname="src/lib/services/web-search-rewriter.test.ts" name="rewriteQuery &gt; includes the original query as one of the variants" time="0.0002801">
        </testcase>
        <testcase classname="src/lib/services/web-search-rewriter.test.ts" name="rewriteQuery &gt; handles query with no specific entities" time="0.0003252">
        </testcase>
        <testcase classname="src/lib/services/web-search-rewriter.test.ts" name="rewriteQuery &gt; adds English translations for Chinese supply chain terms" time="0.000199">
        </testcase>
        <testcase classname="src/lib/services/web-search-rewriter.test.ts" name="rewriteQuery &gt; deduplicates variants while preserving order" time="0.0001642">
        </testcase>
        <testcase classname="src/lib/services/web-search-rewriter.test.ts" name="rewriteQuery &gt; limits output to 4 variants maximum" time="0.0001875">
        </testcase>
        <testcase classname="src/lib/services/web-search-rewriter.test.ts" name="rewriteQuery &gt; appends English term translations on english strategy" time="0.0002403">
        </testcase>
    </testsuite>
    <testsuite name="src/lib/validators/index.test.ts" timestamp="2026-05-20T17:33:57.543Z" hostname="qaswe12340" tests="85" failures="0" errors="0" skipped="0" time="0.0330662">
        <testcase classname="src/lib/validators/index.test.ts" name="Validators &gt; DATE_REGEX &gt; matches valid YYYY-MM-DD format" time="0.0022045">
        </testcase>
        <testcase classname="src/lib/validators/index.test.ts" name="Validators &gt; DATE_REGEX &gt; rejects invalid date formats" time="0.0005018">
        </testcase>
        <testcase classname="src/lib/validators/index.test.ts" name="Validators &gt; dateRangeSchema &gt; validates valid date range" time="0.0015315">
        </testcase>
        <testcase classname="src/lib/validators/index.test.ts" name="Validators &gt; dateRangeSchema &gt; accepts optional date fields" time="0.0002889">
        </testcase>
        <testcase classname="src/lib/validators/index.test.ts" name="Validators &gt; dateRangeSchema &gt; accepts only startDate" time="0.0002533">
        </testcase>
        <testcase classname="src/lib/validators/index.test.ts" name="Validators &gt; dateRangeSchema &gt; rejects invalid date format" time="0.0043916">
        </testcase>
        <testcase classname="src/lib/validators/index.test.ts" name="Validators &gt; paginationSchema &gt; provides default values" time="0.0005543">
        </testcase>
        <testcase classname="src/lib/validators/index.test.ts" name="Validators &gt; paginationSchema &gt; coerces string values to numbers" time="0.0004162">
        </testcase>
        <testcase classname="src/lib/validators/index.test.ts" name="Validators &gt; paginationSchema &gt; rejects page = 0" time="0.0004835">
        </testcase>
        <testcase classname="src/lib/validators/index.test.ts" name="Validators &gt; paginationSchema &gt; rejects negative page" time="0.000236">
        </testcase>
        <testcase classname="src/lib/validators/index.test.ts" name="Validators &gt; paginationSchema &gt; rejects pageSize &gt; 100" time="0.0001611">
        </testcase>
        <testcase classname="src/lib/validators/index.test.ts" name="Validators &gt; paginationSchema &gt; accepts pageSize = 100 (boundary)" time="0.0000782">
        </testcase>
        <testcase classname="src/lib/validators/index.test.ts" name="Validators &gt; paginationSchema &gt; rejects non-integer pageSize" time="0.0001731">
        </testcase>
        <testcase classname="src/lib/validators/index.test.ts" name="Validators &gt; skuSchema &gt; accepts valid SKU" time="0.0001721">
        </testcase>
        <testcase classname="src/lib/validators/index.test.ts" name="Validators &gt; skuSchema &gt; rejects empty string" time="0.0001313">
        </testcase>
        <testcase classname="src/lib/validators/index.test.ts" name="Validators &gt; skuSchema &gt; rejects string &gt; 50 chars" time="0.0001759">
        </testcase>
        <testcase classname="src/lib/validators/index.test.ts" name="Validators &gt; skuSchema &gt; accepts string of exactly 50 chars" time="0.0001235">
        </testcase>
        <testcase classname="src/lib/validators/index.test.ts" name="Validators &gt; platformSchema &gt; accepts valid platforms" time="0.0002268">
        </testcase>
        <testcase classname="src/lib/validators/index.test.ts" name="Validators &gt; platformSchema &gt; rejects invalid platform" time="0.0001788">
        </testcase>
        <testcase classname="src/lib/validators/index.test.ts" name="Validators &gt; stockStatusSchema &gt; accepts valid statuses" time="0.000163">
        </testcase>
        <testcase classname="src/lib/validators/index.test.ts" name="Validators &gt; stockStatusSchema &gt; rejects invalid status" time="0.0001552">
        </testcase>
        <testcase classname="src/lib/validators/index.test.ts" name="Validators &gt; prioritySchema &gt; accepts valid priorities" time="0.000154">
        </testcase>
        <testcase classname="src/lib/validators/index.test.ts" name="Validators &gt; prioritySchema &gt; rejects invalid priority" time="0.000161">
        </testcase>
        <testcase classname="src/lib/validators/index.test.ts" name="Validators &gt; categorySchema &gt; accepts valid categories" time="0.0002049">
        </testcase>
        <testcase classname="src/lib/validators/index.test.ts" name="Validators &gt; categorySchema &gt; rejects invalid category" time="0.0001073">
        </testcase>
        <testcase classname="src/lib/validators/index.test.ts" name="Validators &gt; shipmentStatusSchema &gt; accepts valid statuses" time="0.0001661">
        </testcase>
        <testcase classname="src/lib/validators/index.test.ts" name="Validators &gt; shipmentStatusSchema &gt; rejects invalid status" time="0.0001114">
        </testcase>
        <testcase classname="src/lib/validators/index.test.ts" name="Validators &gt; warehouseSchema &gt; accepts valid warehouses" time="0.0001153">
        </testcase>
        <testcase classname="src/lib/validators/index.test.ts" name="Validators &gt; warehouseSchema &gt; rejects invalid warehouse" time="0.0001238">
        </testcase>
        <testcase classname="src/lib/validators/index.test.ts" name="Validators &gt; inventoryAdjustmentSchema &gt; validates positive adjustment (inbound)" time="0.000508">
        </testcase>
        <testcase classname="src/lib/validators/index.test.ts" name="Validators &gt; inventoryAdjustmentSchema &gt; validates negative adjustment (outbound)" time="0.0001504">
        </testcase>
        <testcase classname="src/lib/validators/index.test.ts" name="Validators &gt; inventoryAdjustmentSchema &gt; rejects zero quantity" time="0.0002096">
        </testcase>
        <testcase classname="src/lib/validators/index.test.ts" name="Validators &gt; inventoryAdjustmentSchema &gt; rejects empty reason" time="0.0001367">
        </testcase>
        <testcase classname="src/lib/validators/index.test.ts" name="Validators &gt; inventoryAdjustmentSchema &gt; rejects reason &gt; 200 chars" time="0.0001806">
        </testcase>
        <testcase classname="src/lib/validators/index.test.ts" name="Validators &gt; inventoryBulkUpdateSchema &gt; validates bulk update with valid data" time="0.0008363">
        </testcase>
        <testcase classname="src/lib/validators/index.test.ts" name="Validators &gt; inventoryBulkUpdateSchema &gt; rejects empty updates array" time="0.0002561">
        </testcase>
        <testcase classname="src/lib/validators/index.test.ts" name="Validators &gt; inventoryBulkUpdateSchema &gt; rejects updates with &gt; 100 items" time="0.0007204">
        </testcase>
        <testcase classname="src/lib/validators/index.test.ts" name="Validators &gt; inventoryBulkUpdateSchema &gt; accepts updates with exactly 100 items" time="0.000473">
        </testcase>
        <testcase classname="src/lib/validators/index.test.ts" name="Validators &gt; inventoryBulkUpdateSchema &gt; validates update item with negative quantity is rejected" time="0.0003276">
        </testcase>
        <testcase classname="src/lib/validators/index.test.ts" name="Validators &gt; stockTransferSchema &gt; validates transfer between different warehouses" time="0.0008004">
        </testcase>
        <testcase classname="src/lib/validators/index.test.ts" name="Validators &gt; stockTransferSchema &gt; rejects transfer to same warehouse" time="0.0002392">
        </testcase>
        <testcase classname="src/lib/validators/index.test.ts" name="Validators &gt; stockTransferSchema &gt; rejects zero quantity" time="0.0001954">
        </testcase>
        <testcase classname="src/lib/validators/index.test.ts" name="Validators &gt; stockTransferSchema &gt; rejects negative quantity" time="0.0001815">
        </testcase>
        <testcase classname="src/lib/validators/index.test.ts" name="Validators &gt; shipmentStatusUpdateSchema &gt; validates status update with required fields" time="0.0007234">
        </testcase>
        <testcase classname="src/lib/validators/index.test.ts" name="Validators &gt; shipmentStatusUpdateSchema &gt; validates status update with all optional fields" time="0.0003138">
        </testcase>
        <testcase classname="src/lib/validators/index.test.ts" name="Validators &gt; shipmentStatusUpdateSchema &gt; rejects empty tracking number" time="0.0002258">
        </testcase>
        <testcase classname="src/lib/validators/index.test.ts" name="Validators &gt; shipmentStatusUpdateSchema &gt; rejects invalid status" time="0.0002118">
        </testcase>
        <testcase classname="src/lib/validators/index.test.ts" name="Validators &gt; shipmentStatusUpdateSchema &gt; rejects progress &gt; 100" time="0.0002455">
        </testcase>
        <testcase classname="src/lib/validators/index.test.ts" name="Validators &gt; shipmentStatusUpdateSchema &gt; rejects progress &lt; 0" time="0.0001717">
        </testcase>
        <testcase classname="src/lib/validators/index.test.ts" name="Validators &gt; shipmentStatusUpdateSchema &gt; rejects invalid ETA format" time="0.0002274">
        </testcase>
        <testcase classname="src/lib/validators/index.test.ts" name="Validators &gt; shipmentStatusUpdateSchema &gt; accepts progress at boundaries (0 and 100)" time="0.0001848">
        </testcase>
        <testcase classname="src/lib/validators/index.test.ts" name="Validators &gt; VALID_STATUS_TRANSITIONS &gt; pending can transition to in_transit or delayed" time="0.0009849">
        </testcase>
        <testcase classname="src/lib/validators/index.test.ts" name="Validators &gt; VALID_STATUS_TRANSITIONS &gt; delivered is terminal state" time="0.0006791">
        </testcase>
        <testcase classname="src/lib/validators/index.test.ts" name="Validators &gt; VALID_STATUS_TRANSITIONS &gt; exception is terminal state" time="0.0001064">
        </testcase>
        <testcase classname="src/lib/validators/index.test.ts" name="Validators &gt; VALID_STATUS_TRANSITIONS &gt; delayed can transition to in_transit, customs, or delivered" time="0.0003087">
        </testcase>
        <testcase classname="src/lib/validators/index.test.ts" name="Validators &gt; isValidStatusTransition &gt; returns true for valid transition" time="0.0001253">
        </testcase>
        <testcase classname="src/lib/validators/index.test.ts" name="Validators &gt; isValidStatusTransition &gt; returns false for invalid transition" time="0.000062">
        </testcase>
        <testcase classname="src/lib/validators/index.test.ts" name="Validators &gt; isValidStatusTransition &gt; returns false for unknown from status" time="0.0000589">
        </testcase>
        <testcase classname="src/lib/validators/index.test.ts" name="Validators &gt; isValidStatusTransition &gt; returns false for transition from terminal state" time="0.0000571">
        </testcase>
        <testcase classname="src/lib/validators/index.test.ts" name="Validators &gt; createNoteSchema &gt; validates note with required content" time="0.0005713">
        </testcase>
        <testcase classname="src/lib/validators/index.test.ts" name="Validators &gt; createNoteSchema &gt; provides defaults for category and priority" time="0.0001918">
        </testcase>
        <testcase classname="src/lib/validators/index.test.ts" name="Validators &gt; createNoteSchema &gt; rejects empty content" time="0.0002237">
        </testcase>
        <testcase classname="src/lib/validators/index.test.ts" name="Validators &gt; createNoteSchema &gt; rejects content &gt; 2000 chars" time="0.0002357">
        </testcase>
        <testcase classname="src/lib/validators/index.test.ts" name="Validators &gt; createNoteSchema &gt; accepts all valid categories" time="0.0003002">
        </testcase>
        <testcase classname="src/lib/validators/index.test.ts" name="Validators &gt; createNoteSchema &gt; accepts all valid priorities" time="0.0001714">
        </testcase>
        <testcase classname="src/lib/validators/index.test.ts" name="Validators &gt; createNoteSchema &gt; accepts optional author and sku" time="0.0001054">
        </testcase>
        <testcase classname="src/lib/validators/index.test.ts" name="Validators &gt; updateNoteSchema &gt; validates update with isResolved" time="0.0004184">
        </testcase>
        <testcase classname="src/lib/validators/index.test.ts" name="Validators &gt; updateNoteSchema &gt; validates update with priority" time="0.0001428">
        </testcase>
        <testcase classname="src/lib/validators/index.test.ts" name="Validators &gt; updateNoteSchema &gt; rejects empty id" time="0.0002441">
        </testcase>
        <testcase classname="src/lib/validators/index.test.ts" name="Validators &gt; updateNoteSchema &gt; rejects invalid priority" time="0.0002057">
        </testcase>
        <testcase classname="src/lib/validators/index.test.ts" name="Validators &gt; productSearchSchema &gt; validates search with minimum query length" time="0.0003437">
        </testcase>
        <testcase classname="src/lib/validators/index.test.ts" name="Validators &gt; productSearchSchema &gt; rejects single character query" time="0.0002077">
        </testcase>
        <testcase classname="src/lib/validators/index.test.ts" name="Validators &gt; productSearchSchema &gt; accepts optional category" time="0.0001323">
        </testcase>
        <testcase classname="src/lib/validators/index.test.ts" name="Validators &gt; productDetailSchema &gt; validates lookup by id" time="0.0003167">
        </testcase>
        <testcase classname="src/lib/validators/index.test.ts" name="Validators &gt; productDetailSchema &gt; validates lookup by sku" time="0.000128">
        </testcase>
        <testcase classname="src/lib/validators/index.test.ts" name="Validators &gt; productDetailSchema &gt; validates lookup with both id and sku" time="0.0001067">
        </testcase>
        <testcase classname="src/lib/validators/index.test.ts" name="Validators &gt; productDetailSchema &gt; rejects when neither id nor sku provided" time="0.0001495">
        </testcase>
        <testcase classname="src/lib/validators/index.test.ts" name="Validators &gt; productDetailSchema &gt; rejects when both id and sku are empty/undefined" time="0.0001296">
        </testcase>
        <testcase classname="src/lib/validators/index.test.ts" name="Validators &gt; supplierRatingSchema &gt; validates rating with all scores" time="0.0003799">
        </testcase>
        <testcase classname="src/lib/validators/index.test.ts" name="Validators &gt; supplierRatingSchema &gt; validates rating with optional comments" time="0.0001838">
        </testcase>
        <testcase classname="src/lib/validators/index.test.ts" name="Validators &gt; supplierRatingSchema &gt; accepts boundary score of 0" time="0.0001703">
        </testcase>
        <testcase classname="src/lib/validators/index.test.ts" name="Validators &gt; supplierRatingSchema &gt; accepts boundary score of 5" time="0.0004252">
        </testcase>
        <testcase classname="src/lib/validators/index.test.ts" name="Validators &gt; supplierRatingSchema &gt; rejects score &gt; 5" time="0.0002654">
        </testcase>
        <testcase classname="src/lib/validators/index.test.ts" name="Validators &gt; supplierRatingSchema &gt; rejects negative score" time="0.0001699">
        </testcase>
        <testcase classname="src/lib/validators/index.test.ts" name="Validators &gt; supplierRatingSchema &gt; rejects comments &gt; 500 chars" time="0.0001739">
        </testcase>
    </testsuite>
    <testsuite name="src/app/api/chat/chat.helpers.test.ts" timestamp="2026-05-20T17:33:57.551Z" hostname="qaswe12340" tests="17" failures="0" errors="0" skipped="0" time="0.0101827">
        <testcase classname="src/app/api/chat/chat.helpers.test.ts" name="extractToolCallsFromText &gt; extracts a valid single JSON tool call" time="0.0038237">
        </testcase>
        <testcase classname="src/app/api/chat/chat.helpers.test.ts" name="extractToolCallsFromText &gt; extracts multiple tool calls from text" time="0.000623">
        </testcase>
        <testcase classname="src/app/api/chat/chat.helpers.test.ts" name="extractToolCallsFromText &gt; still extracts with malformed JSON inside the arguments" time="0.0003388">
        </testcase>
        <testcase classname="src/app/api/chat/chat.helpers.test.ts" name="extractToolCallsFromText &gt; returns empty array when no tool calls are present" time="0.000249">
        </testcase>
        <testcase classname="src/app/api/chat/chat.helpers.test.ts" name="extractToolCallsFromText &gt; handles DeepSeek text-emission patterns with extra whitespace" time="0.0003589">
        </testcase>
        <testcase classname="src/app/api/chat/chat.helpers.test.ts" name="extractToolCallsFromText &gt; extracts calls with multiline JSON arguments" time="0.0003731">
        </testcase>
        <testcase classname="src/app/api/chat/chat.helpers.test.ts" name="extractToolCallsFromText &gt; does not match non-tool function calls" time="0.0002343">
        </testcase>
        <testcase classname="src/app/api/chat/chat.helpers.test.ts" name="matchToolsToQuery &gt; matches inventory-related queries to inventory tools" time="0.000577">
        </testcase>
        <testcase classname="src/app/api/chat/chat.helpers.test.ts" name="matchToolsToQuery &gt; adds reorder action when urgent keywords are present" time="0.0002671">
        </testcase>
        <testcase classname="src/app/api/chat/chat.helpers.test.ts" name="matchToolsToQuery &gt; matches cost-related queries" time="0.0003013">
        </testcase>
        <testcase classname="src/app/api/chat/chat.helpers.test.ts" name="matchToolsToQuery &gt; returns default tools for completely irrelevant queries" time="0.0002681">
        </testcase>
        <testcase classname="src/app/api/chat/chat.helpers.test.ts" name="matchToolsToQuery &gt; matches multiple intents from a compound query" time="0.0002779">
        </testcase>
        <testcase classname="src/app/api/chat/chat.helpers.test.ts" name="matchToolsToQuery &gt; limits results to 4 tools maximum" time="0.0001583">
        </testcase>
        <testcase classname="src/app/api/chat/chat.helpers.test.ts" name="hasKeyword &gt; returns true when a keyword is found in the text" time="0.000129">
        </testcase>
        <testcase classname="src/app/api/chat/chat.helpers.test.ts" name="hasKeyword &gt; returns false when no keyword is found" time="0.0000732">
        </testcase>
        <testcase classname="src/app/api/chat/chat.helpers.test.ts" name="hasKeyword &gt; returns true when a keyword is found in the text" time="0.000085">
        </testcase>
        <testcase classname="src/app/api/chat/chat.helpers.test.ts" name="hasKeyword &gt; returns false for empty keyword list" time="0.000074">
        </testcase>
    </testsuite>
    <testsuite name="src/lib/services/__tests__/information-router.test.ts" timestamp="2026-05-20T17:33:57.552Z" hostname="qaswe12340" tests="49" failures="0" errors="0" skipped="0" time="0.0090553">
        <testcase classname="src/lib/services/__tests__/information-router.test.ts" name="Tier 1: Supply chain real-time data &gt; routes &quot;SCFI运价最新数据&quot; to Tier 1" time="0.001452">
        </testcase>
        <testcase classname="src/lib/services/__tests__/information-router.test.ts" name="Tier 1: Supply chain real-time data &gt; routes &quot;人民币对美元汇率&quot; to Tier 1" time="0.0003123">
        </testcase>
        <testcase classname="src/lib/services/__tests__/information-router.test.ts" name="Tier 1: Supply chain real-time data &gt; routes &quot;咖啡机库存告急的SKU有哪些&quot; to Tier 1" time="0.0001868">
        </testcase>
        <testcase classname="src/lib/services/__tests__/information-router.test.ts" name="Tier 1: Supply chain real-time data &gt; routes &quot;电机马达供应商风险多大&quot; to Tier 1" time="0.0001526">
        </testcase>
        <testcase classname="src/lib/services/__tests__/information-router.test.ts" name="Tier 1: Supply chain real-time data &gt; routes &quot;美国301关税最新税率&quot; to Tier 1" time="0.0001239">
        </testcase>
        <testcase classname="src/lib/services/__tests__/information-router.test.ts" name="Tier 1: Supply chain real-time data &gt; routes &quot;洛杉矶港口拥堵情况&quot; to Tier 1" time="0.0001033">
        </testcase>
        <testcase classname="src/lib/services/__tests__/information-router.test.ts" name="Tier 1: Supply chain real-time data &gt; routes &quot;最近有CPSC召回吗&quot; to Tier 1" time="0.0000824">
        </testcase>
        <testcase classname="src/lib/services/__tests__/information-router.test.ts" name="Tier 1: Supply chain real-time data &gt; routes &quot;exchange rate CNY USD&quot; to Tier 1" time="0.0002139">
        </testcase>
        <testcase classname="src/lib/services/__tests__/information-router.test.ts" name="Tier 1: Supply chain real-time data &gt; routes &quot;CBAM碳关税成本估算&quot; to Tier 1" time="0.0001353">
        </testcase>
        <testcase classname="src/lib/services/__tests__/information-router.test.ts" name="Tier 1: Supply chain real-time data &gt; routes &quot;如何计算安全库存&quot; to Tier 1" time="0.0001444">
        </testcase>
        <testcase classname="src/lib/services/__tests__/information-router.test.ts" name="Tier 1: Supply chain real-time data &gt; routes &quot;什么是CBAM碳关税&quot; to Tier 1" time="0.0001009">
        </testcase>
        <testcase classname="src/lib/services/__tests__/information-router.test.ts" name="Tier 1+2: Supply chain domain knowledge &gt; routes &quot;FOB和CIF有什么区别&quot; to supply_chain_knowledge" time="0.0001378">
        </testcase>
        <testcase classname="src/lib/services/__tests__/information-router.test.ts" name="Tier 1+2: Supply chain domain knowledge &gt; routes &quot;HS编码怎么查&quot; to supply_chain_knowledge" time="0.0000835">
        </testcase>
        <testcase classname="src/lib/services/__tests__/information-router.test.ts" name="Tier 1+2: Supply chain domain knowledge &gt; routes &quot;什么是供应链数字化转型&quot; to supply_chain_knowledge" time="0.000077">
        </testcase>
        <testcase classname="src/lib/services/__tests__/information-router.test.ts" name="Tier 1+2: Supply chain domain knowledge &gt; routes &quot;Incoterm和贸易术语有什么区别&quot; to supply_chain_knowledge" time="0.0000776">
        </testcase>
        <testcase classname="src/lib/services/__tests__/information-router.test.ts" name="Tier 3: News and events &gt; routes &quot;这周有什么供应链大事件&quot; to news_event" time="0.000101">
        </testcase>
        <testcase classname="src/lib/services/__tests__/information-router.test.ts" name="Tier 3: News and events &gt; routes &quot;今天最新关税政策&quot; to news_event" time="0.0000871">
        </testcase>
        <testcase classname="src/lib/services/__tests__/information-router.test.ts" name="Tier 3: News and events &gt; routes &quot;最近中美贸易战有什么新动态&quot; to news_event" time="0.0000718">
        </testcase>
        <testcase classname="src/lib/services/__tests__/information-router.test.ts" name="Tier 3: News and events &gt; routes &quot;刚刚发生的港口罢工影响&quot; to news_event" time="0.0000689">
        </testcase>
        <testcase classname="src/lib/services/__tests__/information-router.test.ts" name="Tier 3: News and events &gt; routes &quot;what happened this week in trade&quot; to news_event" time="0.0000742">
        </testcase>
        <testcase classname="src/lib/services/__tests__/information-router.test.ts" name="Tier 3: News and events &gt; routes &quot;latest supply chain news&quot; to news_event" time="0.0000679">
        </testcase>
        <testcase classname="src/lib/services/__tests__/information-router.test.ts" name="Tier 3: News and events &gt; routes &quot;铝价今天多少钱&quot; to news_event" time="0.0000638">
        </testcase>
        <testcase classname="src/lib/services/__tests__/information-router.test.ts" name="Tier 3: News and events &gt; routes &quot;copper price forecast&quot; to news_event" time="0.0000606">
        </testcase>
        <testcase classname="src/lib/services/__tests__/information-router.test.ts" name="Tier 3: News and events &gt; routes &quot;铜价最近走势如何&quot; to news_event" time="0.0000658">
        </testcase>
        <testcase classname="src/lib/services/__tests__/information-router.test.ts" name="Tier 3: News and events &gt; routes &quot;copper price forecast&quot; to news_event" time="0.000072">
        </testcase>
        <testcase classname="src/lib/services/__tests__/information-router.test.ts" name="Tier 2: General knowledge &gt; routes &quot;什么是区块链&quot; to general_knowledge" time="0.0000883">
        </testcase>
        <testcase classname="src/lib/services/__tests__/information-router.test.ts" name="Tier 2: General knowledge &gt; routes &quot;为什么会有通货膨胀&quot; to general_knowledge" time="0.0000611">
        </testcase>
        <testcase classname="src/lib/services/__tests__/information-router.test.ts" name="Tier 2: General knowledge &gt; routes &quot;how does machine learning work&quot; to general_knowledge" time="0.0000528">
        </testcase>
        <testcase classname="src/lib/services/__tests__/information-router.test.ts" name="Tier 2: General knowledge &gt; routes &quot;量子计算是什么原理&quot; to general_knowledge" time="0.0000868">
        </testcase>
        <testcase classname="src/lib/services/__tests__/information-router.test.ts" name="Tier 0: Opinion and recommendation &gt; routes &quot;推荐一本供应链管理的书&quot; to opinion_recommendation (Tier 0)" time="0.0000797">
        </testcase>
        <testcase classname="src/lib/services/__tests__/information-router.test.ts" name="Tier 0: Opinion and recommendation &gt; routes &quot;哪个物流平台比较好&quot; to opinion_recommendation (Tier 0)" time="0.0000502">
        </testcase>
        <testcase classname="src/lib/services/__tests__/information-router.test.ts" name="Tier 0: Opinion and recommendation &gt; routes &quot;你觉得应该签长约吗&quot; to opinion_recommendation (Tier 0)" time="0.0000478">
        </testcase>
        <testcase classname="src/lib/services/__tests__/information-router.test.ts" name="Tier 0: Opinion and recommendation &gt; routes &quot;帮我选一个供应商&quot; to opinion_recommendation (Tier 0)" time="0.0000431">
        </testcase>
        <testcase classname="src/lib/services/__tests__/information-router.test.ts" name="Tier 0: Opinion and recommendation &gt; routes &quot;best coffee maker for export&quot; to opinion_recommendation (Tier 0)" time="0.0000488">
        </testcase>
        <testcase classname="src/lib/services/__tests__/information-router.test.ts" name="Tier 0: Chat and greeting &gt; routes &quot;你好&quot; to chat_greeting (Tier 0)" time="0.0000645">
        </testcase>
        <testcase classname="src/lib/services/__tests__/information-router.test.ts" name="Tier 0: Chat and greeting &gt; routes &quot;早安&quot; to chat_greeting (Tier 0)" time="0.0000587">
        </testcase>
        <testcase classname="src/lib/services/__tests__/information-router.test.ts" name="Tier 0: Chat and greeting &gt; routes &quot;谢谢你的帮助&quot; to chat_greeting (Tier 0)" time="0.0000528">
        </testcase>
        <testcase classname="src/lib/services/__tests__/information-router.test.ts" name="Tier 0: Chat and greeting &gt; routes &quot;再见&quot; to chat_greeting (Tier 0)" time="0.000048">
        </testcase>
        <testcase classname="src/lib/services/__tests__/information-router.test.ts" name="Tier 0: Chat and greeting &gt; routes &quot;你能做什么&quot; to chat_greeting (Tier 0)" time="0.00004">
        </testcase>
        <testcase classname="src/lib/services/__tests__/information-router.test.ts" name="Default routing &gt; routes unrecognized supply chain query to supply_chain_knowledge" time="0.0001042">
        </testcase>
        <testcase classname="src/lib/services/__tests__/information-router.test.ts" name="Default routing &gt; routes empty query to chat_greeting" time="0.0000539">
        </testcase>
        <testcase classname="src/lib/services/__tests__/information-router.test.ts" name="getActiveSources &gt; enables MCP tools for Tier 1 decisions" time="0.000103">
        </testcase>
        <testcase classname="src/lib/services/__tests__/information-router.test.ts" name="getActiveSources &gt; enables Wikipedia for Tier 2 decisions" time="0.0000748">
        </testcase>
        <testcase classname="src/lib/services/__tests__/information-router.test.ts" name="getActiveSources &gt; enables web search for Tier 3 decisions" time="0.0000646">
        </testcase>
        <testcase classname="src/lib/services/__tests__/information-router.test.ts" name="getActiveSources &gt; enables direct reply for Tier 0 decisions" time="0.0002837">
        </testcase>
        <testcase classname="src/lib/services/__tests__/information-router.test.ts" name="Edge cases &gt; handles very long queries" time="0.0002179">
        </testcase>
        <testcase classname="src/lib/services/__tests__/information-router.test.ts" name="Edge cases &gt; handles special characters" time="0.0000958">
        </testcase>
        <testcase classname="src/lib/services/__tests__/information-router.test.ts" name="Edge cases &gt; handles mixed Chinese-English" time="0.0001018">
        </testcase>
        <testcase classname="src/lib/services/__tests__/information-router.test.ts" name="Edge cases &gt; all routing decisions have valid tiers" time="0.0014739">
        </testcase>
    </testsuite>
    <testsuite name="src/lib/services/__tests__/web-search-cross-validator.test.ts" timestamp="2026-05-20T17:33:57.557Z" hostname="qaswe12340" tests="7" failures="0" errors="0" skipped="0" time="0.0038988">
        <testcase classname="src/lib/services/__tests__/web-search-cross-validator.test.ts" name="extractClaim &gt; extracts factual claims about tariffs" time="0.0013366">
        </testcase>
        <testcase classname="src/lib/services/__tests__/web-search-cross-validator.test.ts" name="extractClaim &gt; handles Chinese text" time="0.0001877">
        </testcase>
        <testcase classname="src/lib/services/__tests__/web-search-cross-validator.test.ts" name="extractClaim &gt; returns empty for non-factual text" time="0.0002258">
        </testcase>
        <testcase classname="src/lib/services/__tests__/web-search-cross-validator.test.ts" name="computeSourceAgreement &gt; returns high agreement for similar claims from different sources" time="0.0003335">
        </testcase>
        <testcase classname="src/lib/services/__tests__/web-search-cross-validator.test.ts" name="computeSourceAgreement &gt; returns low agreement for contradictory sources" time="0.0001413">
        </testcase>
        <testcase classname="src/lib/services/__tests__/web-search-cross-validator.test.ts" name="crossValidate &gt; flags results with low source agreement" time="0.0004938">
        </testcase>
        <testcase classname="src/lib/services/__tests__/web-search-cross-validator.test.ts" name="crossValidate &gt; handles empty results" time="0.0001184">
        </testcase>
    </testsuite>
    <testsuite name="src/lib/services/__tests__/web-search-guard.test.ts" timestamp="2026-05-20T17:33:57.558Z" hostname="qaswe12340" tests="11" failures="0" errors="0" skipped="0" time="0.0055421">
        <testcase classname="src/lib/services/__tests__/web-search-guard.test.ts" name="filterBlacklistedDomains &gt; filters out known adult/suspicious domains" time="0.0017004">
        </testcase>
        <testcase classname="src/lib/services/__tests__/web-search-guard.test.ts" name="filterBlacklistedDomains &gt; filters URLs containing suspicious patterns" time="0.0002217">
        </testcase>
        <testcase classname="src/lib/services/__tests__/web-search-guard.test.ts" name="checkLanguageMatch &gt; detects Chinese content correctly" time="0.0002098">
        </testcase>
        <testcase classname="src/lib/services/__tests__/web-search-guard.test.ts" name="checkLanguageMatch &gt; flags language mismatches" time="0.0001215">
        </testcase>
        <testcase classname="src/lib/services/__tests__/web-search-guard.test.ts" name="detectEmptyOrDegraded &gt; detects empty results" time="0.0003029">
        </testcase>
        <testcase classname="src/lib/services/__tests__/web-search-guard.test.ts" name="detectEmptyOrDegraded &gt; detects when all results are from low-quality sources" time="0.000265">
        </testcase>
        <testcase classname="src/lib/services/__tests__/web-search-guard.test.ts" name="detectEmptyOrDegraded &gt; passes good results through" time="0.000142">
        </testcase>
        <testcase classname="src/lib/services/__tests__/web-search-guard.test.ts" name="scoreResultQuality &gt; scores high-authority domains higher" time="0.0004437">
        </testcase>
        <testcase classname="src/lib/services/__tests__/web-search-guard.test.ts" name="scoreResultQuality &gt; penalizes results with keyword-stuffed titles" time="0.0002538">
        </testcase>
        <testcase classname="src/lib/services/__tests__/web-search-guard.test.ts" name="guardResults &gt; returns degraded flag when all results are filtered" time="0.0003386">
        </testcase>
        <testcase classname="src/lib/services/__tests__/web-search-guard.test.ts" name="guardResults &gt; returns passed results sorted by quality" time="0.0002973">
        </testcase>
    </testsuite>
    <testsuite name="src/lib/services/__tests__/web-search-reranker.test.ts" timestamp="2026-05-20T17:33:57.559Z" hostname="qaswe12340" tests="7" failures="0" errors="0" skipped="0" time="0.003367">
        <testcase classname="src/lib/services/__tests__/web-search-reranker.test.ts" name="computeSemanticSimilarity &gt; returns higher score for more relevant content" time="0.0010892">
        </testcase>
        <testcase classname="src/lib/services/__tests__/web-search-reranker.test.ts" name="computeSemanticSimilarity &gt; handles Chinese text" time="0.0002486">
        </testcase>
        <testcase classname="src/lib/services/__tests__/web-search-reranker.test.ts" name="computeSemanticSimilarity &gt; returns low score for empty snippet" time="0.0001399">
        </testcase>
        <testcase classname="src/lib/services/__tests__/web-search-reranker.test.ts" name="computeAuthorityBoost &gt; boosts .gov domains" time="0.0001583">
        </testcase>
        <testcase classname="src/lib/services/__tests__/web-search-reranker.test.ts" name="computeAuthorityBoost &gt; does not boost low-authority domains" time="0.0001142">
        </testcase>
        <testcase classname="src/lib/services/__tests__/web-search-reranker.test.ts" name="rerankResults &gt; places more relevant results at the top" time="0.000327">
        </testcase>
        <testcase classname="src/lib/services/__tests__/web-search-reranker.test.ts" name="rerankResults &gt; handles empty results" time="0.0003614">
        </testcase>
    </testsuite>
    <testsuite name="src/lib/services/__tests__/web-search-rewriter.test.ts" timestamp="2026-05-20T17:33:57.560Z" hostname="qaswe12340" tests="8" failures="0" errors="0" skipped="0" time="0.0049647">
        <testcase classname="src/lib/services/__tests__/web-search-rewriter.test.ts" name="extractKeywords &gt; extracts Chinese supply chain entities" time="0.0018543">
        </testcase>
        <testcase classname="src/lib/services/__tests__/web-search-rewriter.test.ts" name="extractKeywords &gt; extracts mixed Chinese-English terms" time="0.0002252">
        </testcase>
        <testcase classname="src/lib/services/__tests__/web-search-rewriter.test.ts" name="extractKeywords &gt; returns empty for short query" time="0.0001754">
        </testcase>
        <testcase classname="src/lib/services/__tests__/web-search-rewriter.test.ts" name="injectContext &gt; injects entities from previous conversation turns" time="0.0004744">
        </testcase>
        <testcase classname="src/lib/services/__tests__/web-search-rewriter.test.ts" name="injectContext &gt; returns original query if history has no entities" time="0.0001956">
        </testcase>
        <testcase classname="src/lib/services/__tests__/web-search-rewriter.test.ts" name="injectContext &gt; caps entities to maxContextTerms" time="0.0003322">
        </testcase>
        <testcase classname="src/lib/services/__tests__/web-search-rewriter.test.ts" name="rewriteQuery &gt; generates multiple search variants" time="0.0004804">
        </testcase>
        <testcase classname="src/lib/services/__tests__/web-search-rewriter.test.ts" name="rewriteQuery &gt; includes the original query as one variant" time="0.0001274">
        </testcase>
    </testsuite>
</testsuites>
